Archive member included to satisfy reference by file (symbol)

D:/AT/problemasmentais/1-2/Sistemas de Tempo Real/STM32CubeIDE_1.14.1/STM32CubeIDE/plugins/com.st.stm32cube.ide.mcu.externaltools.gnu-tools-for-stm32.12.3.rel1.win32_1.0.100.202403111256/tools/bin/../lib/gcc/arm-none-eabi/12.3.1/../../../../arm-none-eabi/lib/thumb/v7e-m+dp/hard\libc_nano.a(libc_a-exit.o)
                              D:/AT/problemasmentais/1-2/Sistemas de Tempo Real/STM32CubeIDE_1.14.1/STM32CubeIDE/plugins/com.st.stm32cube.ide.mcu.externaltools.gnu-tools-for-stm32.12.3.rel1.win32_1.0.100.202403111256/tools/bin/../lib/gcc/arm-none-eabi/12.3.1/../../../../arm-none-eabi/lib/thumb/v7e-m+dp/hard/crt0.o (exit)
D:/AT/problemasmentais/1-2/Sistemas de Tempo Real/STM32CubeIDE_1.14.1/STM32CubeIDE/plugins/com.st.stm32cube.ide.mcu.externaltools.gnu-tools-for-stm32.12.3.rel1.win32_1.0.100.202403111256/tools/bin/../lib/gcc/arm-none-eabi/12.3.1/../../../../arm-none-eabi/lib/thumb/v7e-m+dp/hard\libc_nano.a(libc_a-nano-vfprintf_float.o)
                              (_printf_float)
D:/AT/problemasmentais/1-2/Sistemas de Tempo Real/STM32CubeIDE_1.14.1/STM32CubeIDE/plugins/com.st.stm32cube.ide.mcu.externaltools.gnu-tools-for-stm32.12.3.rel1.win32_1.0.100.202403111256/tools/bin/../lib/gcc/arm-none-eabi/12.3.1/../../../../arm-none-eabi/lib/thumb/v7e-m+dp/hard\libc_nano.a(libc_a-nano-vfprintf_i.o)
                              D:/AT/problemasmentais/1-2/Sistemas de Tempo Real/STM32CubeIDE_1.14.1/STM32CubeIDE/plugins/com.st.stm32cube.ide.mcu.externaltools.gnu-tools-for-stm32.12.3.rel1.win32_1.0.100.202403111256/tools/bin/../lib/gcc/arm-none-eabi/12.3.1/../../../../arm-none-eabi/lib/thumb/v7e-m+dp/hard\libc_nano.a(libc_a-nano-vfprintf_float.o) (_printf_common)
D:/AT/problemasmentais/1-2/Sistemas de Tempo Real/STM32CubeIDE_1.14.1/STM32CubeIDE/plugins/com.st.stm32cube.ide.mcu.externaltools.gnu-tools-for-stm32.12.3.rel1.win32_1.0.100.202403111256/tools/bin/../lib/gcc/arm-none-eabi/12.3.1/../../../../arm-none-eabi/lib/thumb/v7e-m+dp/hard\libc_nano.a(libc_a-nano-vfscanf_float.o)
                              (_scanf_float)
D:/AT/problemasmentais/1-2/Sistemas de Tempo Real/STM32CubeIDE_1.14.1/STM32CubeIDE/plugins/com.st.stm32cube.ide.mcu.externaltools.gnu-tools-for-stm32.12.3.rel1.win32_1.0.100.202403111256/tools/bin/../lib/gcc/arm-none-eabi/12.3.1/../../../../arm-none-eabi/lib/thumb/v7e-m+dp/hard\libc_nano.a(libc_a-findfp.o)
                              D:/AT/problemasmentais/1-2/Sistemas de Tempo Real/STM32CubeIDE_1.14.1/STM32CubeIDE/plugins/com.st.stm32cube.ide.mcu.externaltools.gnu-tools-for-stm32.12.3.rel1.win32_1.0.100.202403111256/tools/bin/../lib/gcc/arm-none-eabi/12.3.1/../../../../arm-none-eabi/lib/thumb/v7e-m+dp/hard\libc_nano.a(libc_a-exit.o) (__stdio_exit_handler)
D:/AT/problemasmentais/1-2/Sistemas de Tempo Real/STM32CubeIDE_1.14.1/STM32CubeIDE/plugins/com.st.stm32cube.ide.mcu.externaltools.gnu-tools-for-stm32.12.3.rel1.win32_1.0.100.202403111256/tools/bin/../lib/gcc/arm-none-eabi/12.3.1/../../../../arm-none-eabi/lib/thumb/v7e-m+dp/hard\libc_nano.a(libc_a-fwalk.o)
                              D:/AT/problemasmentais/1-2/Sistemas de Tempo Real/STM32CubeIDE_1.14.1/STM32CubeIDE/plugins/com.st.stm32cube.ide.mcu.externaltools.gnu-tools-for-stm32.12.3.rel1.win32_1.0.100.202403111256/tools/bin/../lib/gcc/arm-none-eabi/12.3.1/../../../../arm-none-eabi/lib/thumb/v7e-m+dp/hard\libc_nano.a(libc_a-findfp.o) (_fwalk_sglue)
D:/AT/problemasmentais/1-2/Sistemas de Tempo Real/STM32CubeIDE_1.14.1/STM32CubeIDE/plugins/com.st.stm32cube.ide.mcu.externaltools.gnu-tools-for-stm32.12.3.rel1.win32_1.0.100.202403111256/tools/bin/../lib/gcc/arm-none-eabi/12.3.1/../../../../arm-none-eabi/lib/thumb/v7e-m+dp/hard\libc_nano.a(libc_a-sprintf.o)
                              ./Core/Src/main.o (sprintf)
D:/AT/problemasmentais/1-2/Sistemas de Tempo Real/STM32CubeIDE_1.14.1/STM32CubeIDE/plugins/com.st.stm32cube.ide.mcu.externaltools.gnu-tools-for-stm32.12.3.rel1.win32_1.0.100.202403111256/tools/bin/../lib/gcc/arm-none-eabi/12.3.1/../../../../arm-none-eabi/lib/thumb/v7e-m+dp/hard\libc_nano.a(libc_a-stdio.o)
                              D:/AT/problemasmentais/1-2/Sistemas de Tempo Real/STM32CubeIDE_1.14.1/STM32CubeIDE/plugins/com.st.stm32cube.ide.mcu.externaltools.gnu-tools-for-stm32.12.3.rel1.win32_1.0.100.202403111256/tools/bin/../lib/gcc/arm-none-eabi/12.3.1/../../../../arm-none-eabi/lib/thumb/v7e-m+dp/hard\libc_nano.a(libc_a-findfp.o) (__sread)
D:/AT/problemasmentais/1-2/Sistemas de Tempo Real/STM32CubeIDE_1.14.1/STM32CubeIDE/plugins/com.st.stm32cube.ide.mcu.externaltools.gnu-tools-for-stm32.12.3.rel1.win32_1.0.100.202403111256/tools/bin/../lib/gcc/arm-none-eabi/12.3.1/../../../../arm-none-eabi/lib/thumb/v7e-m+dp/hard\libc_nano.a(libc_a-memset.o)
[...]
Memory Configuration

Name             Origin             Length             Attributes
RAM              0x20000000         0x00080000         xrw
FLASH            0x08000000         0x00200000         xr
*default*        0x00000000         0xffffffff

Linker script and memory map

LOAD D:/AT/problemasmentais/1-2/Sistemas de Tempo Real/STM32CubeIDE_1.14.1/STM32CubeIDE/plugins/com.st.stm32cube.ide.mcu.externaltools.gnu-tools-for-stm32.12.3.rel1.win32_1.0.100.202403111256/tools/bin/../lib/gcc/arm-none-eabi/12.3.1/thumb/v7e-m+dp/hard/crti.o
LOAD D:/AT/problemasmentais/1-2/Sistemas de Tempo Real/STM32CubeIDE_1.14.1/STM32CubeIDE/plugins/com.st.stm32cube.ide.mcu.externaltools.gnu-tools-for-stm32.12.3.rel1.win32_1.0.100.202403111256/tools/bin/../lib/gcc/arm-none-eabi/12.3.1/thumb/v7e-m+dp/hard/crtbegin.o
LOAD D:/AT/problemasmentais/1-2/Sistemas de Tempo Real/STM32CubeIDE_1.14.1/STM32CubeIDE/plugins/com.st.stm32cube.ide.mcu.externaltools.gnu-tools-for-stm32.12.3.rel1.win32_1.0.100.202403111256/tools/bin/../lib/gcc/arm-none-eabi/12.3.1/../../../../arm-none-eabi/lib/thumb/v7e-m+dp/hard/crt0.o
LOAD ./Core/Src/adc.o
LOAD ./Core/Src/balloon_utils.o
LOAD ./Core/Src/dma.o
LOAD ./Core/Src/fatfs_sd.o
LOAD ./Core/Src/fatfs_sd_api.o
LOAD ./Core/Src/gpio.o
LOAD ./Core/Src/main.o
LOAD ./Core/Src/spi.o
LOAD ./Core/Src/stm32f7xx_hal_msp.o
LOAD ./Core/Src/stm32f7xx_it.o
LOAD ./Core/Src/syscalls.o
LOAD ./Core/Src/sysmem.o
LOAD ./Core/Src/system_stm32f7xx.o
LOAD ./Core/Src/tim.o
LOAD ./Core/Src/usart.o
LOAD ./Core/Startup/startup_stm32f767zitx.o
LOAD ./Drivers/STM32F7xx_HAL_Driver/Src/stm32f7xx_hal.o
LOAD ./Drivers/STM32F7xx_HAL_Driver/Src/stm32f7xx_hal_adc.o
LOAD ./Drivers/STM32F7xx_HAL_Driver/Src/stm32f7xx_hal_adc_ex.o
LOAD ./Drivers/STM32F7xx_HAL_Driver/Src/stm32f7xx_hal_cortex.o
LOAD ./Drivers/STM32F7xx_HAL_Driver/Src/stm32f7xx_hal_dma.o
LOAD ./Drivers/STM32F7xx_HAL_Driver/Src/stm32f7xx_hal_dma_ex.o
LOAD ./Drivers/STM32F7xx_HAL_Driver/Src/stm32f7xx_hal_exti.o
LOAD ./Drivers/STM32F7xx_HAL_Driver/Src/stm32f7xx_hal_flash.o
LOAD ./Drivers/STM32F7xx_HAL_Driver/Src/stm32f7xx_hal_flash_ex.o
LOAD ./Drivers/STM32F7xx_HAL_Driver/Src/stm32f7xx_hal_gpio.o
LOAD ./Drivers/STM32F7xx_HAL_Driver/Src/stm32f7xx_hal_i2c.o
LOAD ./Drivers/STM32F7xx_HAL_Driver/Src/stm32f7xx_hal_i2c_ex.o
LOAD ./Drivers/STM32F7xx_HAL_Driver/Src/stm32f7xx_hal_pwr.o
LOAD ./Drivers/STM32F7xx_HAL_Driver/Src/stm32f7xx_hal_pwr_ex.o
LOAD ./Drivers/STM32F7xx_HAL_Driver/Src/stm32f7xx_hal_rcc.o
LOAD ./Drivers/STM32F7xx_HAL_Driver/Src/stm32f7xx_hal_rcc_ex.o
LOAD ./Drivers/STM32F7xx_HAL_Driver/Src/stm32f7xx_hal_spi.o
LOAD ./Drivers/STM32F7xx_HAL_Driver/Src/stm32f7xx_hal_spi_ex.o
LOAD ./Drivers/STM32F7xx_HAL_Driver/Src/stm32f7xx_hal_tim.o
LOAD ./Drivers/STM32F7xx_HAL_Driver/Src/stm32f7xx_hal_tim_ex.o
LOAD ./Drivers/STM32F7xx_HAL_Driver/Src/stm32f7xx_hal_uart.o
LOAD ./Drivers/STM32F7xx_HAL_Driver/Src/stm32f7xx_hal_uart_ex.o
LOAD ./FATFS/App/fatfs.o
LOAD ./FATFS/Target/user_diskio.o
LOAD ./Middlewares/Third_Party/FatFs/src/diskio.o
LOAD ./Middlewares/Third_Party/FatFs/src/ff.o
LOAD ./Middlewares/Third_Party/FatFs/src/ff_gen_drv.o
LOAD ./Middlewares/Third_Party/FatFs/src/option/ccsbcs.o
LOAD ./Middlewares/Third_Party/FatFs/src/option/syscall.o
START GROUP
LOAD D:/AT/problemasmentais/1-2/Sistemas de Tempo Real/STM32CubeIDE_1.14.1/STM32CubeIDE/plugins/com.st.stm32cube.ide.mcu.externaltools.gnu-tools-for-stm32.12.3.rel1.win32_1.0.100.202403111256/tools/bin/../lib/gcc/arm-none-eabi/12.3.1/../../../../arm-none-eabi/lib/thumb/v7e-m+dp/hard\libc_nano.a
LOAD D:/AT/problemasmentais/1-2/Sistemas de Tempo Real/STM32CubeIDE_1.14.1/STM32CubeIDE/plugins/com.st.stm32cube.ide.mcu.externaltools.gnu-tools-for-stm32.12.3.rel1.win32_1.0.100.202403111256/tools/bin/../lib/gcc/arm-none-eabi/12.3.1/../../../../arm-none-eabi/lib/thumb/v7e-m+dp/hard\libm.a
END GROUP
START GROUP
LOAD D:/AT/problemasmentais/1-2/Sistemas de Tempo Real/STM32CubeIDE_1.14.1/STM32CubeIDE/plugins/com.st.stm32cube.ide.mcu.externaltools.gnu-tools-for-stm32.12.3.rel1.win32_1.0.100.202403111256/tools/bin/../lib/gcc/arm-none-eabi/12.3.1/thumb/v7e-m+dp/hard\libgcc.a
LOAD D:/AT/problemasmentais/1-2/Sistemas de Tempo Real/STM32CubeIDE_1.14.1/STM32CubeIDE/plugins/com.st.stm32cube.ide.mcu.externaltools.gnu-tools-for-stm32.12.3.rel1.win32_1.0.100.202403111256/tools/bin/../lib/gcc/arm-none-eabi/12.3.1/../../../../arm-none-eabi/lib/thumb/v7e-m+dp/hard\libc_nano.a
END GROUP
START GROUP
LOAD D:/AT/problemasmentais/1-2/Sistemas de Tempo Real/STM32CubeIDE_1.14.1/STM32CubeIDE/plugins/com.st.stm32cube.ide.mcu.externaltools.gnu-tools-for-stm32.12.3.rel1.win32_1.0.100.202403111256/tools/bin/../lib/gcc/arm-none-eabi/12.3.1/thumb/v7e-m+dp/hard\libgcc.a
LOAD D:/AT/problemasmentais/1-2/Sistemas de Tempo Real/STM32CubeIDE_1.14.1/STM32CubeIDE/plugins/com.st.stm32cube.ide.mcu.externaltools.gnu-tools-for-stm32.12.3.rel1.win32_1.0.100.202403111256/tools/bin/../lib/gcc/arm-none-eabi/12.3.1/../../../../arm-none-eabi/lib/thumb/v7e-m+dp/hard\libc_nano.a
LOAD D:/AT/problemasmentais/1-2/Sistemas de Tempo Real/STM32CubeIDE_1.14.1/STM32CubeIDE/plugins/com.st.stm32cube.ide.mcu.externaltools.gnu-tools-for-stm32.12.3.rel1.win32_1.0.100.202403111256/tools/bin/../lib/gcc/arm-none-eabi/12.3.1/../../../../arm-none-eabi/lib/thumb/v7e-m+dp/hard\libnosys.a
END GROUP
START GROUP
LOAD D:/AT/problemasmentais/1-2/Sistemas de Tempo Real/STM32CubeIDE_1.14.1/STM32CubeIDE/plugins/com.st.stm32cube.ide.mcu.externaltools.gnu-tools-for-stm32.12.3.rel1.win32_1.0.100.202403111256/tools/bin/../lib/gcc/arm-none-eabi/12.3.1/thumb/v7e-m+dp/hard\libgcc.a
LOAD D:/AT/problemasmentais/1-2/Sistemas de Tempo Real/STM32CubeIDE_1.14.1/STM32CubeIDE/plugins/com.st.stm32cube.ide.mcu.externaltools.gnu-tools-for-stm32.12.3.rel1.win32_1.0.100.202403111256/tools/bin/../lib/gcc/arm-none-eabi/12.3.1/../../../../arm-none-eabi/lib/thumb/v7e-m+dp/hard\libc_nano.a
LOAD D:/AT/problemasmentais/1-2/Sistemas de Tempo Real/STM32CubeIDE_1.14.1/STM32CubeIDE/plugins/com.st.stm32cube.ide.mcu.externaltools.gnu-tools-for-stm32.12.3.rel1.win32_1.0.100.202403111256/tools/bin/../lib/gcc/arm-none-eabi/12.3.1/../../../../arm-none-eabi/lib/thumb/v7e-m+dp/hard\libnosys.a
END GROUP
LOAD D:/AT/problemasmentais/1-2/Sistemas de Tempo Real/STM32CubeIDE_1.14.1/STM32CubeIDE/plugins/com.st.stm32cube.ide.mcu.externaltools.gnu-tools-for-stm32.12.3.rel1.win32_1.0.100.202403111256/tools/bin/../lib/gcc/arm-none-eabi/12.3.1/thumb/v7e-m+dp/hard/crtend.o
LOAD D:/AT/problemasmentais/1-2/Sistemas de Tempo Real/STM32CubeIDE_1.14.1/STM32CubeIDE/plugins/com.st.stm32cube.ide.mcu.externaltools.gnu-tools-for-stm32.12.3.rel1.win32_1.0.100.202403111256/tools/bin/../lib/gcc/arm-none-eabi/12.3.1/thumb/v7e-m+dp/hard/crtn.o
                0x20080000                        _estack = (ORIGIN (RAM) + LENGTH (RAM))
                0x00000200                        _Min_Heap_Size = 0x200
                0x00000400                        _Min_Stack_Size = 0x400

.isr_vector     0x08000000      0x1f8
                0x08000000                        . = ALIGN (0x4)
 *(.isr_vector)
 .isr_vector    0x08000000      0x1f8 ./Core/Startup/startup_stm32f767zitx.o
                0x08000000                g_pfnVectors
                0x080001f8                        . = ALIGN (0x4)

.text           0x08000200     0xf4a4
                0x08000200                        . = ALIGN (0x4)
 *(.text)
 .text          0x08000200       0x40 D:/AT/problemasmentais/1-2/Sistemas de Tempo Real/STM32CubeIDE_1.14.1/STM32CubeIDE/plugins/com.st.stm32cube.ide.mcu.externaltools.gnu-tools-for-stm32.12.3.rel1.win32_1.0.100.202403111256/tools/bin/../lib/gcc/arm-none-eabi/12.3.1/thumb/v7e-m+dp/hard/crtbegin.o
 .text          0x08000240       0xa0 D:/AT/problemasmentais/1-2/Sistemas de Tempo Real/STM32CubeIDE_1.14.1/STM32CubeIDE/plugins/com.st.stm32cube.ide.mcu.externaltools.gnu-tools-for-stm32.12.3.rel1.win32_1.0.100.202403111256/tools/bin/../lib/gcc/arm-none-eabi/12.3.1/../../../../arm-none-eabi/lib/thumb/v7e-m+dp/hard\libc_nano.a(libc_a-memchr.o)
                0x08000240                memchr
 .text          0x080002e0       0x10 D:/AT/problemasmentais/1-2/Sistemas de Tempo Real/STM32CubeIDE_1.14.1/STM32CubeIDE/plugins/com.st.stm32cube.ide.mcu.externaltools.gnu-tools-for-stm32.12.3.rel1.win32_1.0.100.202403111256/tools/bin/../lib/gcc/arm-none-eabi/12.3.1/../../../../arm-none-eabi/lib/thumb/v7e-m+dp/hard\libc_nano.a(libc_a-strlen.o)
                0x080002e0                strlen
 .text          0x080002f0      0x378 D:/AT/problemasmentais/1-2/Sistemas de Tempo Real/STM32CubeIDE_1.14.1/STM32CubeIDE/plugins/com.st.stm32cube.ide.mcu.externaltools.gnu-tools-for-stm32.12.3.rel1.win32_1.0.100.202403111256/tools/bin/../lib/gcc/arm-none-eabi/12.3.1/thumb/v7e-m+dp/hard\libgcc.a(_arm_addsubdf3.o)
                0x080002f0                __aeabi_drsub
                0x080002f8                __aeabi_dsub
                0x080002f8                __subdf3
                0x080002fc                __aeabi_dadd
                0x080002fc                __adddf3
                0x08000574                __floatunsidf
                0x08000574                __aeabi_ui2d
                0x08000594                __floatsidf
                0x08000594                __aeabi_i2d
                0x080005b8                __aeabi_f2d
                0x080005b8                __extendsfdf2
                0x080005fc                __floatundidf
                0x080005fc                __aeabi_ul2d
                0x0800060c                __floatdidf
                0x0800060c                __aeabi_l2d
 .text          0x08000668       0x30 D:/AT/problemasmentais/1-2/Sistemas de Tempo Real/STM32CubeIDE_1.14.1/STM32CubeIDE/plugins/com.st.stm32cube.ide.mcu.externaltools.gnu-tools-for-stm32.12.3.rel1.win32_1.0.100.202403111256/tools/bin/../lib/gcc/arm-none-eabi/12.3.1/thumb/v7e-m+dp/hard\libgcc.a(_aeabi_uldivmod.o)
                0x08000668                __aeabi_uldivmod
 .text          0x08000698       0x30 D:/AT/problemasmentais/1-2/Sistemas de Tempo Real/STM32CubeIDE_1.14.1/STM32CubeIDE/plugins/com.st.stm32cube.ide.mcu.externaltools.gnu-tools-for-stm32.12.3.rel1.win32_1.0.100.202403111256/tools/bin/../lib/gcc/arm-none-eabi/12.3.1/thumb/v7e-m+dp/hard\libgcc.a(_fixdfdi.o)
                0x08000698                __fixdfdi
                0x08000698                __aeabi_d2lz
 .text          0x080006c8       0x40 D:/AT/problemasmentais/1-2/Sistemas de Tempo Real/STM32CubeIDE_1.14.1/STM32CubeIDE/plugins/com.st.stm32cube.ide.mcu.externaltools.gnu-tools-for-stm32.12.3.rel1.win32_1.0.100.202403111256/tools/bin/../lib/gcc/arm-none-eabi/12.3.1/thumb/v7e-m+dp/hard\libgcc.a(_fixunsdfdi.o)
                0x080006c8                __fixunsdfdi
                0x080006c8                __aeabi_d2ulz
 .text          0x08000708      0x2bc D:/AT/problemasmentais/1-2/Sistemas de Tempo Real/STM32CubeIDE_1.14.1/STM32CubeIDE/plugins/com.st.stm32cube.ide.mcu.externaltools.gnu-tools-for-stm32.12.3.rel1.win32_1.0.100.202403111256/tools/bin/../lib/gcc/arm-none-eabi/12.3.1/thumb/v7e-m+dp/hard\libgcc.a(_udivmoddi4.o)
                0x08000708                __udivmoddi4
 .text          0x080009c4        0x4 D:/AT/problemasmentais/1-2/Sistemas de Tempo Real/STM32CubeIDE_1.14.1/STM32CubeIDE/plugins/com.st.stm32cube.ide.mcu.externaltools.gnu-tools-for-stm32.12.3.rel1.win32_1.0.100.202403111256/tools/bin/../lib/gcc/arm-none-eabi/12.3.1/thumb/v7e-m+dp/hard\libgcc.a(_dvmd_tls.o)
                0x080009c4                __aeabi_idiv0
                0x080009c4                __aeabi_ldiv0
 *(.text*)
 .text.MX_ADC1_Init
                0x080009c8       0xdc ./Core/Src/adc.o
                0x080009c8                MX_ADC1_Init
 .text.HAL_ADC_MspInit
                0x08000aa4       0xf8 ./Core/Src/adc.o
                0x08000aa4                HAL_ADC_MspInit
 .text.HAL_ADC_ConvCpltCallback
                0x08000b9c       0x24 ./Core/Src/adc.o
                0x08000b9c                HAL_ADC_ConvCpltCallback
 .text.MX_DMA_Init
                0x08000bc0       0x3c ./Core/Src/dma.o
                0x08000bc0                MX_DMA_Init
 .text.SELECT   0x08000bfc       0x20 ./Core/Src/fatfs_sd.o
 .text.DESELECT
                0x08000c1c       0x20 ./Core/Src/fatfs_sd.o
 .text.SPI_TxByte
                0x08000c3c       0x34 ./Core/Src/fatfs_sd.o
 .text.SPI_TxBuffer
                0x08000c70       0x34 ./Core/Src/fatfs_sd.o
 .text.SPI_RxByte
                0x08000ca4       0x38 ./Core/Src/fatfs_sd.o
 .text.SPI_RxBytePtr
                0x08000cdc       0x1c ./Core/Src/fatfs_sd.o
 .text.SD_ReadyWait
                0x08000cf8       0x34 ./Core/Src/fatfs_sd.o
 .text.SD_PowerOn
                0x08000d2c       0x84 ./Core/Src/fatfs_sd.o
 .text.SD_PowerOff
                0x08000db0       0x18 ./Core/Src/fatfs_sd.o
 .text.SD_CheckPower
                0x08000dc8       0x18 ./Core/Src/fatfs_sd.o
 .text.SD_RxDataBlock
                0x08000de0       0x5c ./Core/Src/fatfs_sd.o
 .text.SD_TxDataBlock
                0x08000e3c       0x86 ./Core/Src/fatfs_sd.o
 .text.SD_SendCmd
                0x08000ec2       0xa8 ./Core/Src/fatfs_sd.o
 *fill*         0x08000f6a        0x2 
 .text.SD_disk_initialize
                0x08000f6c      0x1cc ./Core/Src/fatfs_sd.o
                0x08000f6c                SD_disk_initialize
 .text.SD_disk_status
                0x08001138       0x2c ./Core/Src/fatfs_sd.o
                0x08001138                SD_disk_status
 .text.SD_disk_read
                0x08001164       0xd4 ./Core/Src/fatfs_sd.o
                0x08001164                SD_disk_read
 .text.SD_disk_write
                0x08001238      0x108 ./Core/Src/fatfs_sd.o
                0x08001238                SD_disk_write
 .text.SD_disk_ioctl
                0x08001340      0x254 ./Core/Src/fatfs_sd.o
                0x08001340                SD_disk_ioctl
 .text.SDCardInit
                0x08001594       0x48 ./Core/Src/fatfs_sd_api.o
                0x08001594                SDCardInit
 .text.SDCardWrite
                0x080015dc       0x24 ./Core/Src/fatfs_sd_api.o
                0x080015dc                SDCardWrite
 .text.SDCardHasLowSpace
                0x08001600       0x68 ./Core/Src/fatfs_sd_api.o
                0x08001600                SDCardHasLowSpace
 .text.SDCardEnd
                0x08001668       0x3c ./Core/Src/fatfs_sd_api.o
                0x08001668                SDCardEnd
 .text.MX_GPIO_Init
                0x080016a4      0x1e8 ./Core/Src/gpio.o
                0x080016a4                MX_GPIO_Init
 .text.HAL_GPIO_EXTI_Callback
                0x0800188c       0x28 ./Core/Src/gpio.o
                0x0800188c                HAL_GPIO_EXTI_Callback
 .text.isButPressed
                0x080018b4       0x18 ./Core/Src/gpio.o
                0x080018b4                isButPressed
 .text.butClear
                0x080018cc       0x18 ./Core/Src/gpio.o
                0x080018cc                butClear
 .text.Build_MSG
                0x080018e4       0x5c ./Core/Src/main.o
                0x080018e4                Build_MSG
 .text.convert_adc_to_physicalvalue
                0x08001940       0xd0 ./Core/Src/main.o
                0x08001940                convert_adc_to_physicalvalue
 .text.print_adc
                0x08001a10       0x18 ./Core/Src/main.o
                0x08001a10                print_adc
 .text.main     0x08001a28      0x1ac ./Core/Src/main.o
                0x08001a28                main
 .text.SystemClock_Config
                0x08001bd4       0xd0 ./Core/Src/main.o
                0x08001bd4                SystemClock_Config
 .text.Error_Handler
                0x08001ca4        0xc ./Core/Src/main.o
                0x08001ca4                Error_Handler
 .text.MX_SPI1_Init
                0x08001cb0       0x7c ./Core/Src/spi.o
                0x08001cb0                MX_SPI1_Init
 .text.MX_SPI4_Init
                0x08001d2c       0x7c ./Core/Src/spi.o
                0x08001d2c                MX_SPI4_Init
 .text.HAL_SPI_MspInit
                0x08001da8      0x128 ./Core/Src/spi.o
                0x08001da8                HAL_SPI_MspInit
 .text.HAL_MspInit
                0x08001ed0       0x48 ./Core/Src/stm32f7xx_hal_msp.o
                0x08001ed0                HAL_MspInit
 .text.SDTimer_Handler
                0x08001f18       0x48 ./Core/Src/stm32f7xx_it.o
                0x08001f18                SDTimer_Handler
 .text.NMI_Handler
                0x08001f60        0x8 ./Core/Src/stm32f7xx_it.o
                0x08001f60                NMI_Handler
 .text.HardFault_Handler
                0x08001f68        0x8 ./Core/Src/stm32f7xx_it.o
                0x08001f68                HardFault_Handler
 .text.MemManage_Handler
                0x08001f70        0x8 ./Core/Src/stm32f7xx_it.o
                0x08001f70                MemManage_Handler
 .text.BusFault_Handler
                0x08001f78        0x8 ./Core/Src/stm32f7xx_it.o
                0x08001f78                BusFault_Handler
 .text.UsageFault_Handler
                0x08001f80        0x8 ./Core/Src/stm32f7xx_it.o
                0x08001f80                UsageFault_Handler
 .text.SVC_Handler
                0x08001f88        0xe ./Core/Src/stm32f7xx_it.o
                0x08001f88                SVC_Handler
 .text.DebugMon_Handler
                0x08001f96        0xe ./Core/Src/stm32f7xx_it.o
                0x08001f96                DebugMon_Handler
 .text.PendSV_Handler
                0x08001fa4        0xe ./Core/Src/stm32f7xx_it.o
                0x08001fa4                PendSV_Handler
 *fill*         0x08001fb2        0x2 
 .text.SysTick_Handler
                0x08001fb4       0x34 ./Core/Src/stm32f7xx_it.o
                0x08001fb4                SysTick_Handler
 .text.ADC_IRQHandler
                0x08001fe8       0x14 ./Core/Src/stm32f7xx_it.o
                0x08001fe8                ADC_IRQHandler
 .text.TIM1_UP_TIM10_IRQHandler
                0x08001ffc       0x14 ./Core/Src/stm32f7xx_it.o
                0x08001ffc                TIM1_UP_TIM10_IRQHandler
 .text.USART3_IRQHandler
                0x08002010       0x14 ./Core/Src/stm32f7xx_it.o
                0x08002010                USART3_IRQHandler
 .text.EXTI15_10_IRQHandler
                0x08002024       0x10 ./Core/Src/stm32f7xx_it.o
                0x08002024                EXTI15_10_IRQHandler
 .text.DMA2_Stream0_IRQHandler
                0x08002034       0x14 ./Core/Src/stm32f7xx_it.o
                0x08002034                DMA2_Stream0_IRQHandler
 .text._getpid  0x08002048       0x10 ./Core/Src/syscalls.o
                0x08002048                _getpid
 .text._kill    0x08002058       0x20 ./Core/Src/syscalls.o
                0x08002058                _kill
 .text._exit    0x08002078       0x16 ./Core/Src/syscalls.o
                0x08002078                _exit
 .text._read    0x0800208e       0x3a ./Core/Src/syscalls.o
                0x0800208e                _read
 .text._write   0x080020c8       0x38 ./Core/Src/syscalls.o
                0x080020c8                _write
 .text._close   0x08002100       0x18 ./Core/Src/syscalls.o
                0x08002100                _close
 .text._fstat   0x08002118       0x20 ./Core/Src/syscalls.o
                0x08002118                _fstat
 .text._isatty  0x08002138       0x16 ./Core/Src/syscalls.o
                0x08002138                _isatty
 .text._lseek   0x0800214e       0x1a ./Core/Src/syscalls.o
                0x0800214e                _lseek
 .text._sbrk    0x08002168       0x6c ./Core/Src/sysmem.o
                0x08002168                _sbrk
 .text.SystemInit
                0x080021d4       0x24 ./Core/Src/system_stm32f7xx.o
                0x080021d4                SystemInit
 .text.MX_TIM1_Init
                0x080021f8       0xa8 ./Core/Src/tim.o
                0x080021f8                MX_TIM1_Init
 .text.HAL_TIM_Base_MspInit
                0x080022a0       0x4c ./Core/Src/tim.o
                0x080022a0                HAL_TIM_Base_MspInit
 .text.ReturnFlagTimer
                0x080022ec       0x18 ./Core/Src/tim.o
                0x080022ec                ReturnFlagTimer
 .text.ClearFlagTimer
                0x08002304       0x18 ./Core/Src/tim.o
                0x08002304                ClearFlagTimer
 .text.HAL_TIM_PeriodElapsedCallback
                0x0800231c       0x34 ./Core/Src/tim.o
                0x0800231c                HAL_TIM_PeriodElapsedCallback
 .text.MX_USART3_UART_Init
                0x08002350       0x90 ./Core/Src/usart.o
                0x08002350                MX_USART3_UART_Init
 .text.HAL_UART_MspInit
                0x080023e0       0xd0 ./Core/Src/usart.o
                0x080023e0                HAL_UART_MspInit
 .text.reset_UART
                0x080024b0       0x30 ./Core/Src/usart.o
                0x080024b0                reset_UART
 .text.send_UART
                0x080024e0       0x54 ./Core/Src/usart.o
                0x080024e0                send_UART
 .text.HAL_UART_RxCpltCallback
                0x08002534       0xd4 ./Core/Src/usart.o
                0x08002534                HAL_UART_RxCpltCallback
 .text.HAL_UART_TxCpltCallback
                0x08002608       0x74 ./Core/Src/usart.o
                0x08002608                HAL_UART_TxCpltCallback
 .text.Reset_Handler
                0x0800267c       0x50 ./Core/Startup/startup_stm32f767zitx.o
                0x0800267c                Reset_Handler
 .text.Default_Handler
                0x080026cc        0x2 ./Core/Startup/startup_stm32f767zitx.o
                0x080026cc                RTC_Alarm_IRQHandler
                0x080026cc                EXTI2_IRQHandler
                0x080026cc                TIM8_CC_IRQHandler
                0x080026cc                UART8_IRQHandler
                0x080026cc                SPI4_IRQHandler
                0x080026cc                TIM1_CC_IRQHandler
                0x080026cc                DMA2_Stream5_IRQHandler
                0x080026cc                JPEG_IRQHandler
                0x080026cc                DMA1_Stream5_IRQHandler
                0x080026cc                CAN3_RX1_IRQHandler
                0x080026cc                PVD_IRQHandler
                0x080026cc                TAMP_STAMP_IRQHandler
                0x080026cc                CAN2_RX1_IRQHandler
                0x080026cc                EXTI3_IRQHandler
                0x080026cc                TIM8_TRG_COM_TIM14_IRQHandler
                0x080026cc                DFSDM1_FLT1_IRQHandler
                0x080026cc                TIM8_UP_TIM13_IRQHandler
                0x080026cc                I2C3_ER_IRQHandler
                0x080026cc                DFSDM1_FLT2_IRQHandler
                0x080026cc                EXTI0_IRQHandler
                0x080026cc                I2C2_EV_IRQHandler
                0x080026cc                DMA1_Stream2_IRQHandler
                0x080026cc                CAN1_RX0_IRQHandler
                0x080026cc                FPU_IRQHandler
                0x080026cc                OTG_HS_WKUP_IRQHandler
                0x080026cc                CAN3_SCE_IRQHandler
                0x080026cc                LTDC_ER_IRQHandler
                0x080026cc                CAN2_SCE_IRQHandler
                0x080026cc                DMA2_Stream2_IRQHandler
                0x080026cc                SPI1_IRQHandler
                0x080026cc                TIM6_DAC_IRQHandler
                0x080026cc                TIM1_BRK_TIM9_IRQHandler
                0x080026cc                DCMI_IRQHandler
                0x080026cc                CAN2_RX0_IRQHandler
                0x080026cc                DMA2_Stream3_IRQHandler
                0x080026cc                SAI2_IRQHandler
                0x080026cc                DFSDM1_FLT3_IRQHandler
                0x080026cc                USART6_IRQHandler
                0x080026cc                CAN3_RX0_IRQHandler
                0x080026cc                CAN1_RX1_IRQHandler
                0x080026cc                UART5_IRQHandler
                0x080026cc                TIM4_IRQHandler
                0x080026cc                QUADSPI_IRQHandler
                0x080026cc                I2C1_EV_IRQHandler
                0x080026cc                DMA1_Stream6_IRQHandler
                0x080026cc                DMA1_Stream1_IRQHandler
                0x080026cc                UART4_IRQHandler
                0x080026cc                TIM3_IRQHandler
                0x080026cc                RCC_IRQHandler
                0x080026cc                TIM8_BRK_TIM12_IRQHandler
                0x080026cc                Default_Handler
                0x080026cc                CEC_IRQHandler
                0x080026cc                DMA1_Stream7_IRQHandler
                0x080026cc                SPI5_IRQHandler
                0x080026cc                TIM7_IRQHandler
                0x080026cc                SDMMC1_IRQHandler
                0x080026cc                CAN2_TX_IRQHandler
                0x080026cc                TIM5_IRQHandler
                0x080026cc                DMA2_Stream7_IRQHandler
                0x080026cc                I2C3_EV_IRQHandler
                0x080026cc                EXTI9_5_IRQHandler
                0x080026cc                RTC_WKUP_IRQHandler
                0x080026cc                LTDC_IRQHandler
                0x080026cc                ETH_WKUP_IRQHandler
                0x080026cc                SPDIF_RX_IRQHandler
                0x080026cc                SPI2_IRQHandler
                0x080026cc                OTG_HS_EP1_IN_IRQHandler
                0x080026cc                DMA1_Stream0_IRQHandler
                0x080026cc                CAN1_TX_IRQHandler
                0x080026cc                EXTI4_IRQHandler
                0x080026cc                RNG_IRQHandler
                0x080026cc                ETH_IRQHandler
                0x080026cc                OTG_HS_EP1_OUT_IRQHandler
                0x080026cc                WWDG_IRQHandler
                0x080026cc                SPI6_IRQHandler
                0x080026cc                MDIOS_IRQHandler
                0x080026cc                I2C4_EV_IRQHandler
                0x080026cc                CAN3_TX_IRQHandler
                0x080026cc                TIM2_IRQHandler
                0x080026cc                OTG_FS_WKUP_IRQHandler
                0x080026cc                TIM1_TRG_COM_TIM11_IRQHandler
                0x080026cc                OTG_HS_IRQHandler
                0x080026cc                DMA2D_IRQHandler
                0x080026cc                EXTI1_IRQHandler
                0x080026cc                SDMMC2_IRQHandler
                0x080026cc                UART7_IRQHandler
                0x080026cc                USART2_IRQHandler
                0x080026cc                DFSDM1_FLT0_IRQHandler
                0x080026cc                I2C2_ER_IRQHandler
                0x080026cc                DMA2_Stream1_IRQHandler
                0x080026cc                CAN1_SCE_IRQHandler
                0x080026cc                FLASH_IRQHandler
                0x080026cc                DMA2_Stream4_IRQHandler
                0x080026cc                USART1_IRQHandler
                0x080026cc                OTG_FS_IRQHandler
                0x080026cc                SPI3_IRQHandler
                0x080026cc                DMA1_Stream4_IRQHandler
                0x080026cc                I2C1_ER_IRQHandler
                0x080026cc                FMC_IRQHandler
                0x080026cc                LPTIM1_IRQHandler
                0x080026cc                I2C4_ER_IRQHandler
                0x080026cc                DMA2_Stream6_IRQHandler
                0x080026cc                SAI1_IRQHandler
                0x080026cc                DMA1_Stream3_IRQHandler
 .text.HAL_Init
                0x080026ce       0x1a ./Drivers/STM32F7xx_HAL_Driver/Src/stm32f7xx_hal.o
                0x080026ce                HAL_Init
 .text.HAL_InitTick
                0x080026e8       0x60 ./Drivers/STM32F7xx_HAL_Driver/Src/stm32f7xx_hal.o
                0x080026e8                HAL_InitTick
 .text.HAL_IncTick
                0x08002748       0x28 ./Drivers/STM32F7xx_HAL_Driver/Src/stm32f7xx_hal.o
                0x08002748                HAL_IncTick
 .text.HAL_GetTick
                0x08002770       0x18 ./Drivers/STM32F7xx_HAL_Driver/Src/stm32f7xx_hal.o
                0x08002770                HAL_GetTick
 .text.HAL_Delay
                0x08002788       0x48 ./Drivers/STM32F7xx_HAL_Driver/Src/stm32f7xx_hal.o
                0x08002788                HAL_Delay
 .text.HAL_ADC_Init
                0x080027d0       0x88 ./Drivers/STM32F7xx_HAL_Driver/Src/stm32f7xx_hal_adc.o
                0x080027d0                HAL_ADC_Init
 .text.HAL_ADC_IRQHandler
                0x08002858      0x220 ./Drivers/STM32F7xx_HAL_Driver/Src/stm32f7xx_hal_adc.o
                0x08002858                HAL_ADC_IRQHandler
 .text.HAL_ADC_Start_DMA
                0x08002a78      0x1f4 ./Drivers/STM32F7xx_HAL_Driver/Src/stm32f7xx_hal_adc.o
                0x08002a78                HAL_ADC_Start_DMA
 .text.HAL_ADC_Stop_DMA
                0x08002c6c       0xb4 ./Drivers/STM32F7xx_HAL_Driver/Src/stm32f7xx_hal_adc.o
                0x08002c6c                HAL_ADC_Stop_DMA
 .text.HAL_ADC_ConvHalfCpltCallback
                0x08002d20       0x14 ./Drivers/STM32F7xx_HAL_Driver/Src/stm32f7xx_hal_adc.o
                0x08002d20                HAL_ADC_ConvHalfCpltCallback
 .text.HAL_ADC_LevelOutOfWindowCallback
                0x08002d34       0x14 ./Drivers/STM32F7xx_HAL_Driver/Src/stm32f7xx_hal_adc.o
                0x08002d34                HAL_ADC_LevelOutOfWindowCallback
 .text.HAL_ADC_ErrorCallback
                0x08002d48       0x14 ./Drivers/STM32F7xx_HAL_Driver/Src/stm32f7xx_hal_adc.o
                0x08002d48                HAL_ADC_ErrorCallback
 .text.HAL_ADC_ConfigChannel
                0x08002d5c      0x2ac ./Drivers/STM32F7xx_HAL_Driver/Src/stm32f7xx_hal_adc.o
                0x08002d5c                HAL_ADC_ConfigChannel
 .text.ADC_Init
                0x08003008      0x1f4 ./Drivers/STM32F7xx_HAL_Driver/Src/stm32f7xx_hal_adc.o
 .text.ADC_DMAConvCplt
                0x080031fc       0xba ./Drivers/STM32F7xx_HAL_Driver/Src/stm32f7xx_hal_adc.o
 .text.ADC_DMAHalfConvCplt
                0x080032b6       0x1c ./Drivers/STM32F7xx_HAL_Driver/Src/stm32f7xx_hal_adc.o
 .text.ADC_DMAError
                0x080032d2       0x2e ./Drivers/STM32F7xx_HAL_Driver/Src/stm32f7xx_hal_adc.o
 .text.HAL_ADCEx_InjectedConvCpltCallback
                0x08003300       0x14 ./Drivers/STM32F7xx_HAL_Driver/Src/stm32f7xx_hal_adc_ex.o
                0x08003300                HAL_ADCEx_InjectedConvCpltCallback
 .text.__NVIC_SetPriorityGrouping
                0x08003314       0x48 ./Drivers/STM32F7xx_HAL_Driver/Src/stm32f7xx_hal_cortex.o
 .text.__NVIC_GetPriorityGrouping
                0x0800335c       0x1c ./Drivers/STM32F7xx_HAL_Driver/Src/stm32f7xx_hal_cortex.o
 .text.__NVIC_EnableIRQ
                0x08003378       0x3c ./Drivers/STM32F7xx_HAL_Driver/Src/stm32f7xx_hal_cortex.o
 .text.__NVIC_SetPriority
                0x080033b4       0x54 ./Drivers/STM32F7xx_HAL_Driver/Src/stm32f7xx_hal_cortex.o
 .text.NVIC_EncodePriority
                0x08003408       0x66 ./Drivers/STM32F7xx_HAL_Driver/Src/stm32f7xx_hal_cortex.o
 *fill*         0x0800346e        0x2 
 .text.SysTick_Config
                0x08003470       0x44 ./Drivers/STM32F7xx_HAL_Driver/Src/stm32f7xx_hal_cortex.o
 .text.HAL_NVIC_SetPriorityGrouping
                0x080034b4       0x16 ./Drivers/STM32F7xx_HAL_Driver/Src/stm32f7xx_hal_cortex.o
                0x080034b4                HAL_NVIC_SetPriorityGrouping
 .text.HAL_NVIC_SetPriority
                0x080034ca       0x38 ./Drivers/STM32F7xx_HAL_Driver/Src/stm32f7xx_hal_cortex.o
                0x080034ca                HAL_NVIC_SetPriority
 .text.HAL_NVIC_EnableIRQ
                0x08003502       0x1c ./Drivers/STM32F7xx_HAL_Driver/Src/stm32f7xx_hal_cortex.o
                0x08003502                HAL_NVIC_EnableIRQ
 .text.HAL_SYSTICK_Config
                0x0800351e       0x18 ./Drivers/STM32F7xx_HAL_Driver/Src/stm32f7xx_hal_cortex.o
                0x0800351e                HAL_SYSTICK_Config
 *fill*         0x08003536        0x2 
 .text.HAL_DMA_Init
                0x08003538      0x15c ./Drivers/STM32F7xx_HAL_Driver/Src/stm32f7xx_hal_dma.o
                0x08003538                HAL_DMA_Init
 .text.HAL_DMA_Start_IT
                0x08003694       0xc0 ./Drivers/STM32F7xx_HAL_Driver/Src/stm32f7xx_hal_dma.o
                0x08003694                HAL_DMA_Start_IT
 .text.HAL_DMA_Abort
                0x08003754       0xe0 ./Drivers/STM32F7xx_HAL_Driver/Src/stm32f7xx_hal_dma.o
                0x08003754                HAL_DMA_Abort
 .text.HAL_DMA_Abort_IT
                0x08003834       0x44 ./Drivers/STM32F7xx_HAL_Driver/Src/stm32f7xx_hal_dma.o
                0x08003834                HAL_DMA_Abort_IT
 .text.HAL_DMA_IRQHandler
                0x08003878      0x314 ./Drivers/STM32F7xx_HAL_Driver/Src/stm32f7xx_hal_dma.o
                0x08003878                HAL_DMA_IRQHandler
 .text.DMA_SetConfig
                0x08003b8c       0x5c ./Drivers/STM32F7xx_HAL_Driver/Src/stm32f7xx_hal_dma.o
 .text.DMA_CalcBaseAndBitshift
                0x08003be8       0x6c ./Drivers/STM32F7xx_HAL_Driver/Src/stm32f7xx_hal_dma.o
 .text.DMA_CheckFifoParam
                0x08003c54       0xf8 ./Drivers/STM32F7xx_HAL_Driver/Src/stm32f7xx_hal_dma.o
 .text.HAL_GPIO_Init
                0x08003d4c      0x358 ./Drivers/STM32F7xx_HAL_Driver/Src/stm32f7xx_hal_gpio.o
                0x08003d4c                HAL_GPIO_Init
 .text.HAL_GPIO_WritePin
                0x080040a4       0x32 ./Drivers/STM32F7xx_HAL_Driver/Src/stm32f7xx_hal_gpio.o
                0x080040a4                HAL_GPIO_WritePin
 .text.HAL_GPIO_TogglePin
                0x080040d6       0x34 ./Drivers/STM32F7xx_HAL_Driver/Src/stm32f7xx_hal_gpio.o
                0x080040d6                HAL_GPIO_TogglePin
 *fill*         0x0800410a        0x2 
 .text.HAL_GPIO_EXTI_IRQHandler
                0x0800410c       0x30 ./Drivers/STM32F7xx_HAL_Driver/Src/stm32f7xx_hal_gpio.o
                0x0800410c                HAL_GPIO_EXTI_IRQHandler
 .text.HAL_RCC_OscConfig
                0x0800413c      0x55c ./Drivers/STM32F7xx_HAL_Driver/Src/stm32f7xx_hal_rcc.o
                0x0800413c                HAL_RCC_OscConfig
 .text.HAL_RCC_ClockConfig
                0x08004698      0x1d8 ./Drivers/STM32F7xx_HAL_Driver/Src/stm32f7xx_hal_rcc.o
                0x08004698                HAL_RCC_ClockConfig
 .text.HAL_RCC_GetSysClockFreq
                0x08004870      0x208 ./Drivers/STM32F7xx_HAL_Driver/Src/stm32f7xx_hal_rcc.o
                0x08004870                HAL_RCC_GetSysClockFreq
 .text.HAL_RCC_GetHCLKFreq
                0x08004a78       0x18 ./Drivers/STM32F7xx_HAL_Driver/Src/stm32f7xx_hal_rcc.o
                0x08004a78                HAL_RCC_GetHCLKFreq
 .text.HAL_RCC_GetPCLK1Freq
                0x08004a90       0x28 ./Drivers/STM32F7xx_HAL_Driver/Src/stm32f7xx_hal_rcc.o
                0x08004a90                HAL_RCC_GetPCLK1Freq
 .text.HAL_RCC_GetPCLK2Freq
                0x08004ab8       0x28 ./Drivers/STM32F7xx_HAL_Driver/Src/stm32f7xx_hal_rcc.o
                0x08004ab8                HAL_RCC_GetPCLK2Freq
 .text.HAL_RCCEx_PeriphCLKConfig
                0x08004ae0      0x850 ./Drivers/STM32F7xx_HAL_Driver/Src/stm32f7xx_hal_rcc_ex.o
                0x08004ae0                HAL_RCCEx_PeriphCLKConfig
 .text.HAL_SPI_Init
                0x08005330      0x156 ./Drivers/STM32F7xx_HAL_Driver/Src/stm32f7xx_hal_spi.o
                0x08005330                HAL_SPI_Init
 .text.HAL_SPI_Transmit
                0x08005486      0x2dc ./Drivers/STM32F7xx_HAL_Driver/Src/stm32f7xx_hal_spi.o
                0x08005486                HAL_SPI_Transmit
 .text.HAL_SPI_TransmitReceive
                0x08005762      0x426 ./Drivers/STM32F7xx_HAL_Driver/Src/stm32f7xx_hal_spi.o
                0x08005762                HAL_SPI_TransmitReceive
 .text.SPI_WaitFlagStateUntilTimeout
                0x08005b88      0x110 ./Drivers/STM32F7xx_HAL_Driver/Src/stm32f7xx_hal_spi.o
 .text.SPI_WaitFifoStateUntilTimeout
                0x08005c98      0x12c ./Drivers/STM32F7xx_HAL_Driver/Src/stm32f7xx_hal_spi.o
 .text.SPI_EndRxTxTransaction
                0x08005dc4       0xd4 ./Drivers/STM32F7xx_HAL_Driver/Src/stm32f7xx_hal_spi.o
 .text.HAL_TIM_Base_Init
                0x08005e98       0xae ./Drivers/STM32F7xx_HAL_Driver/Src/stm32f7xx_hal_tim.o
                0x08005e98                HAL_TIM_Base_Init
 *fill*         0x08005f46        0x2 
 .text.HAL_TIM_Base_Start_IT
                0x08005f48       0xf0 ./Drivers/STM32F7xx_HAL_Driver/Src/stm32f7xx_hal_tim.o
                0x08005f48                HAL_TIM_Base_Start_IT
 .text.HAL_TIM_IRQHandler
                0x08006038      0x23e ./Drivers/STM32F7xx_HAL_Driver/Src/stm32f7xx_hal_tim.o
                0x08006038                HAL_TIM_IRQHandler
 *fill*         0x08006276        0x2 
 .text.HAL_TIM_ConfigClockSource
                0x08006278      0x194 ./Drivers/STM32F7xx_HAL_Driver/Src/stm32f7xx_hal_tim.o
                0x08006278                HAL_TIM_ConfigClockSource
 .text.HAL_TIM_OC_DelayElapsedCallback
                0x0800640c       0x14 ./Drivers/STM32F7xx_HAL_Driver/Src/stm32f7xx_hal_tim.o
                0x0800640c                HAL_TIM_OC_DelayElapsedCallback
 .text.HAL_TIM_IC_CaptureCallback
                0x08006420       0x14 ./Drivers/STM32F7xx_HAL_Driver/Src/stm32f7xx_hal_tim.o
                0x08006420                HAL_TIM_IC_CaptureCallback
 .text.HAL_TIM_PWM_PulseFinishedCallback
                0x08006434       0x14 ./Drivers/STM32F7xx_HAL_Driver/Src/stm32f7xx_hal_tim.o
                0x08006434                HAL_TIM_PWM_PulseFinishedCallback
 .text.HAL_TIM_TriggerCallback
                0x08006448       0x14 ./Drivers/STM32F7xx_HAL_Driver/Src/stm32f7xx_hal_tim.o
                0x08006448                HAL_TIM_TriggerCallback
 .text.TIM_Base_SetConfig
                0x0800645c      0x140 ./Drivers/STM32F7xx_HAL_Driver/Src/stm32f7xx_hal_tim.o
                0x0800645c                TIM_Base_SetConfig
 .text.TIM_TI1_ConfigInputStage
                0x0800659c       0x5e ./Drivers/STM32F7xx_HAL_Driver/Src/stm32f7xx_hal_tim.o
 .text.TIM_TI2_ConfigInputStage
                0x080065fa       0x60 ./Drivers/STM32F7xx_HAL_Driver/Src/stm32f7xx_hal_tim.o
 .text.TIM_ITRx_SetConfig
                0x0800665a       0x36 ./Drivers/STM32F7xx_HAL_Driver/Src/stm32f7xx_hal_tim.o
 .text.TIM_ETR_SetConfig
                0x08006690       0x40 ./Drivers/STM32F7xx_HAL_Driver/Src/stm32f7xx_hal_tim.o
                0x08006690                TIM_ETR_SetConfig
 .text.HAL_TIMEx_MasterConfigSynchronization
                0x080066d0      0x11c ./Drivers/STM32F7xx_HAL_Driver/Src/stm32f7xx_hal_tim_ex.o
                0x080066d0                HAL_TIMEx_MasterConfigSynchronization
 .text.HAL_TIMEx_CommutCallback
                0x080067ec       0x14 ./Drivers/STM32F7xx_HAL_Driver/Src/stm32f7xx_hal_tim_ex.o
                0x080067ec                HAL_TIMEx_CommutCallback
 .text.HAL_TIMEx_BreakCallback
                0x08006800       0x14 ./Drivers/STM32F7xx_HAL_Driver/Src/stm32f7xx_hal_tim_ex.o
                0x08006800                HAL_TIMEx_BreakCallback
 .text.HAL_TIMEx_Break2Callback
                0x08006814       0x14 ./Drivers/STM32F7xx_HAL_Driver/Src/stm32f7xx_hal_tim_ex.o
                0x08006814                HAL_TIMEx_Break2Callback
 .text.HAL_UART_Init
                0x08006828       0x9c ./Drivers/STM32F7xx_HAL_Driver/Src/stm32f7xx_hal_uart.o
                0x08006828                HAL_UART_Init
 .text.HAL_UART_Transmit_IT
                0x080068c4       0xbc ./Drivers/STM32F7xx_HAL_Driver/Src/stm32f7xx_hal_uart.o
                0x080068c4                HAL_UART_Transmit_IT
 .text.HAL_UART_Receive_IT
                0x08006980       0x88 ./Drivers/STM32F7xx_HAL_Driver/Src/stm32f7xx_hal_uart.o
                0x08006980                HAL_UART_Receive_IT
 .text.HAL_UART_IRQHandler
                0x08006a08      0x5d0 ./Drivers/STM32F7xx_HAL_Driver/Src/stm32f7xx_hal_uart.o
                0x08006a08                HAL_UART_IRQHandler
 .text.HAL_UART_ErrorCallback
                0x08006fd8       0x14 ./Drivers/STM32F7xx_HAL_Driver/Src/stm32f7xx_hal_uart.o
                0x08006fd8                HAL_UART_ErrorCallback
 .text.HAL_UARTEx_RxEventCallback
                0x08006fec       0x18 ./Drivers/STM32F7xx_HAL_Driver/Src/stm32f7xx_hal_uart.o
                0x08006fec                HAL_UARTEx_RxEventCallback
 .text.HAL_UARTEx_WakeupCallback
                0x08007004       0x14 ./Drivers/STM32F7xx_HAL_Driver/Src/stm32f7xx_hal_uart.o
                0x08007004                HAL_UARTEx_WakeupCallback
 .text.UART_SetConfig
                0x08007018      0x4c8 ./Drivers/STM32F7xx_HAL_Driver/Src/stm32f7xx_hal_uart.o
                0x08007018                UART_SetConfig
 .text.UART_AdvFeatureConfig
                0x080074e0      0x144 ./Drivers/STM32F7xx_HAL_Driver/Src/stm32f7xx_hal_uart.o
                0x080074e0                UART_AdvFeatureConfig
 .text.UART_CheckIdleState
                0x08007624       0x9a ./Drivers/STM32F7xx_HAL_Driver/Src/stm32f7xx_hal_uart.o
                0x08007624                UART_CheckIdleState
 .text.UART_WaitOnFlagUntilTimeout
                0x080076be      0x18c ./Drivers/STM32F7xx_HAL_Driver/Src/stm32f7xx_hal_uart.o
                0x080076be                UART_WaitOnFlagUntilTimeout
 *fill*         0x0800784a        0x2 
 .text.UART_Start_Receive_IT
                0x0800784c      0x18c ./Drivers/STM32F7xx_HAL_Driver/Src/stm32f7xx_hal_uart.o
                0x0800784c                UART_Start_Receive_IT
 .text.UART_EndRxTransfer
                0x080079d8       0xc8 ./Drivers/STM32F7xx_HAL_Driver/Src/stm32f7xx_hal_uart.o
 .text.UART_DMAAbortOnError
                0x08007aa0       0x2c ./Drivers/STM32F7xx_HAL_Driver/Src/stm32f7xx_hal_uart.o
 .text.UART_TxISR_8BIT
                0x08007acc       0xb6 ./Drivers/STM32F7xx_HAL_Driver/Src/stm32f7xx_hal_uart.o
 .text.UART_TxISR_16BIT
                0x08007b82       0xc0 ./Drivers/STM32F7xx_HAL_Driver/Src/stm32f7xx_hal_uart.o
 .text.UART_EndTransmit_IT
                0x08007c42       0x54 ./Drivers/STM32F7xx_HAL_Driver/Src/stm32f7xx_hal_uart.o
 .text.UART_RxISR_8BIT
                0x08007c96      0x166 ./Drivers/STM32F7xx_HAL_Driver/Src/stm32f7xx_hal_uart.o
 .text.UART_RxISR_16BIT
                0x08007dfc      0x166 ./Drivers/STM32F7xx_HAL_Driver/Src/stm32f7xx_hal_uart.o
 *fill*         0x08007f62        0x2 
 .text.MX_FATFS_Init
                0x08007f64       0x24 ./FATFS/App/fatfs.o
                0x08007f64                MX_FATFS_Init
 .text.get_fattime
                0x08007f88       0x10 ./FATFS/App/fatfs.o
                0x08007f88                get_fattime
 .text.USER_initialize
                0x08007f98       0x1c ./FATFS/Target/user_diskio.o
                0x08007f98                USER_initialize
 .text.USER_status
                0x08007fb4       0x1c ./FATFS/Target/user_diskio.o
                0x08007fb4                USER_status
 .text.USER_read
                0x08007fd0       0x26 ./FATFS/Target/user_diskio.o
                0x08007fd0                USER_read
 .text.USER_write
                0x08007ff6       0x26 ./FATFS/Target/user_diskio.o
                0x08007ff6                USER_write
 .text.USER_ioctl
                0x0800801c       0x26 ./FATFS/Target/user_diskio.o
                0x0800801c                USER_ioctl
 *fill*         0x08008042        0x2 
 .text.disk_status
                0x08008044       0x34 ./Middlewares/Third_Party/FatFs/src/diskio.o
                0x08008044                disk_status
 .text.disk_initialize
                0x08008078       0x4c ./Middlewares/Third_Party/FatFs/src/diskio.o
                0x08008078                disk_initialize
 .text.disk_read
                0x080080c4       0x40 ./Middlewares/Third_Party/FatFs/src/diskio.o
                0x080080c4                disk_read
 .text.disk_write
                0x08008104       0x40 ./Middlewares/Third_Party/FatFs/src/diskio.o
                0x08008104                disk_write
 .text.disk_ioctl
                0x08008144       0x3c ./Middlewares/Third_Party/FatFs/src/diskio.o
                0x08008144                disk_ioctl
 .text.ld_word  0x08008180       0x30 ./Middlewares/Third_Party/FatFs/src/ff.o
 .text.ld_dword
                0x080081b0       0x46 ./Middlewares/Third_Party/FatFs/src/ff.o
 .text.st_word  0x080081f6       0x36 ./Middlewares/Third_Party/FatFs/src/ff.o
 .text.st_dword
                0x0800822c       0x58 ./Middlewares/Third_Party/FatFs/src/ff.o
 .text.mem_cpy  0x08008284       0x42 ./Middlewares/Third_Party/FatFs/src/ff.o
 .text.mem_set  0x080082c6       0x36 ./Middlewares/Third_Party/FatFs/src/ff.o
 .text.mem_cmp  0x080082fc       0x4e ./Middlewares/Third_Party/FatFs/src/ff.o
 .text.chk_chr  0x0800834a       0x36 ./Middlewares/Third_Party/FatFs/src/ff.o
 .text.chk_lock
                0x08008380       0xb8 ./Middlewares/Third_Party/FatFs/src/ff.o
 .text.enq_lock
                0x08008438       0x44 ./Middlewares/Third_Party/FatFs/src/ff.o
 .text.inc_lock
                0x0800847c      0x11c ./Middlewares/Third_Party/FatFs/src/ff.o
 .text.dec_lock
                0x08008598       0x78 ./Middlewares/Third_Party/FatFs/src/ff.o
 .text.clear_lock
                0x08008610       0x48 ./Middlewares/Third_Party/FatFs/src/ff.o
 .text.sync_window
                0x08008658       0x88 ./Middlewares/Third_Party/FatFs/src/ff.o
 .text.move_window
                0x080086e0       0x5a ./Middlewares/Third_Party/FatFs/src/ff.o
 *fill*         0x0800873a        0x2 
 .text.sync_fs  0x0800873c       0xe0 ./Middlewares/Third_Party/FatFs/src/ff.o
 .text.clust2sect
                0x0800881c       0x3e ./Middlewares/Third_Party/FatFs/src/ff.o
 .text.get_fat  0x0800885a      0x1a6 ./Middlewares/Third_Party/FatFs/src/ff.o
 .text.put_fat  0x08008a00      0x234 ./Middlewares/Third_Party/FatFs/src/ff.o
 .text.remove_chain
                0x08008c34       0xca ./Middlewares/Third_Party/FatFs/src/ff.o
 .text.create_chain
                0x08008cfe      0x130 ./Middlewares/Third_Party/FatFs/src/ff.o
 .text.clmt_clust
                0x08008e2e       0x70 ./Middlewares/Third_Party/FatFs/src/ff.o
 .text.dir_sdi  0x08008e9e      0x112 ./Middlewares/Third_Party/FatFs/src/ff.o
 .text.dir_next
                0x08008fb0      0x1ac ./Middlewares/Third_Party/FatFs/src/ff.o
 .text.dir_alloc
                0x0800915c       0x8e ./Middlewares/Third_Party/FatFs/src/ff.o
 .text.ld_clust
                0x080091ea       0x3e ./Middlewares/Third_Party/FatFs/src/ff.o
 .text.st_clust
                0x08009228       0x40 ./Middlewares/Third_Party/FatFs/src/ff.o
 .text.cmp_lfn  0x08009268       0xe0 ./Middlewares/Third_Party/FatFs/src/ff.o
 .text.put_lfn  0x08009348       0xd0 ./Middlewares/Third_Party/FatFs/src/ff.o
 .text.gen_numname
                0x08009418      0x11c ./Middlewares/Third_Party/FatFs/src/ff.o
 .text.sum_sfn  0x08009534       0x42 ./Middlewares/Third_Party/FatFs/src/ff.o
 .text.dir_find
                0x08009576      0x180 ./Middlewares/Third_Party/FatFs/src/ff.o
 *fill*         0x080096f6        0x2 
 .text.dir_register
                0x080096f8      0x1f0 ./Middlewares/Third_Party/FatFs/src/ff.o
 .text.create_name
                0x080098e8      0x370 ./Middlewares/Third_Party/FatFs/src/ff.o
 .text.follow_path
                0x08009c58       0xec ./Middlewares/Third_Party/FatFs/src/ff.o
 .text.get_ldnumber
                0x08009d44       0x88 ./Middlewares/Third_Party/FatFs/src/ff.o
 .text.check_fs
                0x08009dcc       0xac ./Middlewares/Third_Party/FatFs/src/ff.o
 .text.find_volume
                0x08009e78      0x50c ./Middlewares/Third_Party/FatFs/src/ff.o
 .text.validate
                0x0800a384       0x6a ./Middlewares/Third_Party/FatFs/src/ff.o
 *fill*         0x0800a3ee        0x2 
 .text.f_mount  0x0800a3f0       0x8c ./Middlewares/Third_Party/FatFs/src/ff.o
                0x0800a3f0                f_mount
 .text.f_open   0x0800a47c      0x390 ./Middlewares/Third_Party/FatFs/src/ff.o
                0x0800a47c                f_open
 .text.f_write  0x0800a80c      0x328 ./Middlewares/Third_Party/FatFs/src/ff.o
                0x0800a80c                f_write
 .text.f_sync   0x0800ab34       0xfc ./Middlewares/Third_Party/FatFs/src/ff.o
                0x0800ab34                f_sync
 .text.f_close  0x0800ac30       0x54 ./Middlewares/Third_Party/FatFs/src/ff.o
                0x0800ac30                f_close
 .text.f_getfree
                0x0800ac84      0x16a ./Middlewares/Third_Party/FatFs/src/ff.o
                0x0800ac84                f_getfree
 .text.putc_bfd
                0x0800adee       0x7a ./Middlewares/Third_Party/FatFs/src/ff.o
 .text.putc_flush
                0x0800ae68       0x4a ./Middlewares/Third_Party/FatFs/src/ff.o
 .text.putc_init
                0x0800aeb2       0x2a ./Middlewares/Third_Party/FatFs/src/ff.o
 .text.f_puts   0x0800aedc       0x48 ./Middlewares/Third_Party/FatFs/src/ff.o
                0x0800aedc                f_puts
 .text.FATFS_LinkDriverEx
                0x0800af24       0x98 ./Middlewares/Third_Party/FatFs/src/ff_gen_drv.o
                0x0800af24                FATFS_LinkDriverEx
 .text.FATFS_LinkDriver
                0x0800afbc       0x1e ./Middlewares/Third_Party/FatFs/src/ff_gen_drv.o
                0x0800afbc                FATFS_LinkDriver
 *fill*         0x0800afda        0x2 
 .text.ff_convert
                0x0800afdc       0x78 ./Middlewares/Third_Party/FatFs/src/option/ccsbcs.o
                0x0800afdc                ff_convert
 .text.ff_wtoupper
                0x0800b054      0x114 ./Middlewares/Third_Party/FatFs/src/option/ccsbcs.o
                0x0800b054                ff_wtoupper
 .text.__cvt    0x0800b168       0xa8 D:/AT/problemasmentais/1-2/Sistemas de Tempo Real/STM32CubeIDE_1.14.1/STM32CubeIDE/plugins/com.st.stm32cube.ide.mcu.externaltools.gnu-tools-for-stm32.12.3.rel1.win32_1.0.100.202403111256/tools/bin/../lib/gcc/arm-none-eabi/12.3.1/../../../../arm-none-eabi/lib/thumb/v7e-m+dp/hard\libc_nano.a(libc_a-nano-vfprintf_float.o)
                0x0800b168                __cvt
 .text.__exponent
                0x0800b210       0x74 D:/AT/problemasmentais/1-2/Sistemas de Tempo Real/STM32CubeIDE_1.14.1/STM32CubeIDE/plugins/com.st.stm32cube.ide.mcu.externaltools.gnu-tools-for-stm32.12.3.rel1.win32_1.0.100.202403111256/tools/bin/../lib/gcc/arm-none-eabi/12.3.1/../../../../arm-none-eabi/lib/thumb/v7e-m+dp/hard\libc_nano.a(libc_a-nano-vfprintf_float.o)
                0x0800b210                __exponent
 *fill*         0x0800b284        0x4 
 .text._printf_float
                0x0800b288      0x434 D:/AT/problemasmentais/1-2/Sistemas de Tempo Real/STM32CubeIDE_1.14.1/STM32CubeIDE/plugins/com.st.stm32cube.ide.mcu.externaltools.gnu-tools-for-stm32.12.3.rel1.win32_1.0.100.202403111256/tools/bin/../lib/gcc/arm-none-eabi/12.3.1/../../../../arm-none-eabi/lib/thumb/v7e-m+dp/hard\libc_nano.a(libc_a-nano-vfprintf_float.o)
                0x0800b288                _printf_float
 .text._printf_common
                0x0800b6bc       0xda D:/AT/problemasmentais/1-2/Sistemas de Tempo Real/STM32CubeIDE_1.14.1/STM32CubeIDE/plugins/com.st.stm32cube.ide.mcu.externaltools.gnu-tools-for-stm32.12.3.rel1.win32_1.0.100.202403111256/tools/bin/../lib/gcc/arm-none-eabi/12.3.1/../../../../arm-none-eabi/lib/thumb/v7e-m+dp/hard\libc_nano.a(libc_a-nano-vfprintf_i.o)
                0x0800b6bc                _printf_common
 *fill*         0x0800b796        0x2 
 .text._printf_i
                0x0800b798      0x240 D:/AT/problemasmentais/1-2/Sistemas de Tempo Real/STM32CubeIDE_1.14.1/STM32CubeIDE/plugins/com.st.stm32cube.ide.mcu.externaltools.gnu-tools-for-stm32.12.3.rel1.win32_1.0.100.202403111256/tools/bin/../lib/gcc/arm-none-eabi/12.3.1/../../../../arm-none-eabi/lib/thumb/v7e-m+dp/hard\libc_nano.a(libc_a-nano-vfprintf_i.o)
                0x0800b798                _printf_i
 .text._scanf_float
                0x0800b9d8      0x418 D:/AT/problemasmentais/1-2/Sistemas de Tempo Real/STM32CubeIDE_1.14.1/STM32CubeIDE/plugins/com.st.stm32cube.ide.mcu.externaltools.gnu-tools-for-stm32.12.3.rel1.win32_1.0.100.202403111256/tools/bin/../lib/gcc/arm-none-eabi/12.3.1/../../../../arm-none-eabi/lib/thumb/v7e-m+dp/hard\libc_nano.a(libc_a-nano-vfscanf_float.o)
                0x0800b9d8                _scanf_float
 .text.std      0x0800bdf0       0x6c D:/AT/problemasmentais/1-2/Sistemas de Tempo Real/STM32CubeIDE_1.14.1/STM32CubeIDE/plugins/com.st.stm32cube.ide.mcu.externaltools.gnu-tools-for-stm32.12.3.rel1.win32_1.0.100.202403111256/tools/bin/../lib/gcc/arm-none-eabi/12.3.1/../../../../arm-none-eabi/lib/thumb/v7e-m+dp/hard\libc_nano.a(libc_a-findfp.o)
 .text.stdio_exit_handler
                0x0800be5c       0x18 D:/AT/problemasmentais/1-2/Sistemas de Tempo Real/STM32CubeIDE_1.14.1/STM32CubeIDE/plugins/com.st.stm32cube.ide.mcu.externaltools.gnu-tools-for-stm32.12.3.rel1.win32_1.0.100.202403111256/tools/bin/../lib/gcc/arm-none-eabi/12.3.1/../../../../arm-none-eabi/lib/thumb/v7e-m+dp/hard\libc_nano.a(libc_a-findfp.o)
 .text.cleanup_stdio
                0x0800be74       0x40 D:/AT/problemasmentais/1-2/Sistemas de Tempo Real/STM32CubeIDE_1.14.1/STM32CubeIDE/plugins/com.st.stm32cube.ide.mcu.externaltools.gnu-tools-for-stm32.12.3.rel1.win32_1.0.100.202403111256/tools/bin/../lib/gcc/arm-none-eabi/12.3.1/../../../../arm-none-eabi/lib/thumb/v7e-m+dp/hard\libc_nano.a(libc_a-findfp.o)
 .text.global_stdio_init.part.0
                0x0800beb4       0x3c D:/AT/problemasmentais/1-2/Sistemas de Tempo Real/STM32CubeIDE_1.14.1/STM32CubeIDE/plugins/com.st.stm32cube.ide.mcu.externaltools.gnu-tools-for-stm32.12.3.rel1.win32_1.0.100.202403111256/tools/bin/../lib/gcc/arm-none-eabi/12.3.1/../../../../arm-none-eabi/lib/thumb/v7e-m+dp/hard\libc_nano.a(libc_a-findfp.o)
 .text.__sfp_lock_acquire
                0x0800bef0        0xc D:/AT/problemasmentais/1-2/Sistemas de Tempo Real/STM32CubeIDE_1.14.1/STM32CubeIDE/plugins/com.st.stm32cube.ide.mcu.externaltools.gnu-tools-for-stm32.12.3.rel1.win32_1.0.100.202403111256/tools/bin/../lib/gcc/arm-none-eabi/12.3.1/../../../../arm-none-eabi/lib/thumb/v7e-m+dp/hard\libc_nano.a(libc_a-findfp.o)
                0x0800bef0                __sfp_lock_acquire
 .text.__sfp_lock_release
                0x0800befc        0xc D:/AT/problemasmentais/1-2/Sistemas de Tempo Real/STM32CubeIDE_1.14.1/STM32CubeIDE/plugins/com.st.stm32cube.ide.mcu.externaltools.gnu-tools-for-stm32.12.3.rel1.win32_1.0.100.202403111256/tools/bin/../lib/gcc/arm-none-eabi/12.3.1/../../../../arm-none-eabi/lib/thumb/v7e-m+dp/hard\libc_nano.a(libc_a-findfp.o)
                0x0800befc                __sfp_lock_release
 .text.__sinit  0x0800bf08       0x30 D:/AT/problemasmentais/1-2/Sistemas de Tempo Real/STM32CubeIDE_1.14.1/STM32CubeIDE/plugins/com.st.stm32cube.ide.mcu.externaltools.gnu-tools-for-stm32.12.3.rel1.win32_1.0.100.202403111256/tools/bin/../lib/gcc/arm-none-eabi/12.3.1/../../../../arm-none-eabi/lib/thumb/v7e-m+dp/hard\libc_nano.a(libc_a-findfp.o)
                0x0800bf08                __sinit
 .text._fwalk_sglue
                0x0800bf38       0x3c D:/AT/problemasmentais/1-2/Sistemas de Tempo Real/STM32CubeIDE_1.14.1/STM32CubeIDE/plugins/com.st.stm32cube.ide.mcu.externaltools.gnu-tools-for-stm32.12.3.rel1.win32_1.0.100.202403111256/tools/bin/../lib/gcc/arm-none-eabi/12.3.1/../../../../arm-none-eabi/lib/thumb/v7e-m+dp/hard\libc_nano.a(libc_a-fwalk.o)
                0x0800bf38                _fwalk_sglue
 .text.sprintf  0x0800bf74       0x40 D:/AT/problemasmentais/1-2/Sistemas de Tempo Real/STM32CubeIDE_1.14.1/STM32CubeIDE/plugins/com.st.stm32cube.ide.mcu.externaltools.gnu-tools-for-stm32.12.3.rel1.win32_1.0.100.202403111256/tools/bin/../lib/gcc/arm-none-eabi/12.3.1/../../../../arm-none-eabi/lib/thumb/v7e-m+dp/hard\libc_nano.a(libc_a-sprintf.o)
                0x0800bf74                siprintf
                0x0800bf74                sprintf
 .text.__sread  0x0800bfb4       0x22 D:/AT/problemasmentais/1-2/Sistemas de Tempo Real/STM32CubeIDE_1.14.1/STM32CubeIDE/plugins/com.st.stm32cube.ide.mcu.externaltools.gnu-tools-for-stm32.12.3.rel1.win32_1.0.100.202403111256/tools/bin/../lib/gcc/arm-none-eabi/12.3.1/../../../../arm-none-eabi/lib/thumb/v7e-m+dp/hard\libc_nano.a(libc_a-stdio.o)
                0x0800bfb4                __sread
 .text.__swrite
                0x0800bfd6       0x38 D:/AT/problemasmentais/1-2/Sistemas de Tempo Real/STM32CubeIDE_1.14.1/STM32CubeIDE/plugins/com.st.stm32cube.ide.mcu.externaltools.gnu-tools-for-stm32.12.3.rel1.win32_1.0.100.202403111256/tools/bin/../lib/gcc/arm-none-eabi/12.3.1/../../../../arm-none-eabi/lib/thumb/v7e-m+dp/hard\libc_nano.a(libc_a-stdio.o)
                0x0800bfd6                __swrite
 .text.__sseek  0x0800c00e       0x24 D:/AT/problemasmentais/1-2/Sistemas de Tempo Real/STM32CubeIDE_1.14.1/STM32CubeIDE/plugins/com.st.stm32cube.ide.mcu.externaltools.gnu-tools-for-stm32.12.3.rel1.win32_1.0.100.202403111256/tools/bin/../lib/gcc/arm-none-eabi/12.3.1/../../../../arm-none-eabi/lib/thumb/v7e-m+dp/hard\libc_nano.a(libc_a-stdio.o)
                0x0800c00e                __sseek
 .text.__sclose
                0x0800c032        0x8 D:/AT/problemasmentais/1-2/Sistemas de Tempo Real/STM32CubeIDE_1.14.1/STM32CubeIDE/plugins/com.st.stm32cube.ide.mcu.externaltools.gnu-tools-for-stm32.12.3.rel1.win32_1.0.100.202403111256/tools/bin/../lib/gcc/arm-none-eabi/12.3.1/../../../../arm-none-eabi/lib/thumb/v7e-m+dp/hard\libc_nano.a(libc_a-stdio.o)
                0x0800c032                __sclose
 .text.memset   0x0800c03a       0x10 D:/AT/problemasmentais/1-2/Sistemas de Tempo Real/STM32CubeIDE_1.14.1/STM32CubeIDE/plugins/com.st.stm32cube.ide.mcu.externaltools.gnu-tools-for-stm32.12.3.rel1.win32_1.0.100.202403111256/tools/bin/../lib/gcc/arm-none-eabi/12.3.1/../../../../arm-none-eabi/lib/thumb/v7e-m+dp/hard\libc_nano.a(libc_a-memset.o)
                0x0800c03a                memset
 .text.strncpy  0x0800c04a       0x26 D:/AT/problemasmentais/1-2/Sistemas de Tempo Real/STM32CubeIDE_1.14.1/STM32CubeIDE/plugins/com.st.stm32cube.ide.mcu.externaltools.gnu-tools-for-stm32.12.3.rel1.win32_1.0.100.202403111256/tools/bin/../lib/gcc/arm-none-eabi/12.3.1/../../../../arm-none-eabi/lib/thumb/v7e-m+dp/hard\libc_nano.a(libc_a-strncpy.o)
                0x0800c04a                strncpy
 .text._localeconv_r
                0x0800c070        0x8 D:/AT/problemasmentais/1-2/Sistemas de Tempo Real/STM32CubeIDE_1.14.1/STM32CubeIDE/plugins/com.st.stm32cube.ide.mcu.externaltools.gnu-tools-for-stm32.12.3.rel1.win32_1.0.100.202403111256/tools/bin/../lib/gcc/arm-none-eabi/12.3.1/../../../../arm-none-eabi/lib/thumb/v7e-m+dp/hard\libc_nano.a(libc_a-localeconv.o)
                0x0800c070                _localeconv_r
 .text._close_r
                0x0800c078       0x20 D:/AT/problemasmentais/1-2/Sistemas de Tempo Real/STM32CubeIDE_1.14.1/STM32CubeIDE/plugins/com.st.stm32cube.ide.mcu.externaltools.gnu-tools-for-stm32.12.3.rel1.win32_1.0.100.202403111256/tools/bin/../lib/gcc/arm-none-eabi/12.3.1/../../../../arm-none-eabi/lib/thumb/v7e-m+dp/hard\libc_nano.a(libc_a-closer.o)
                0x0800c078                _close_r
 .text._lseek_r
                0x0800c098       0x24 D:/AT/problemasmentais/1-2/Sistemas de Tempo Real/STM32CubeIDE_1.14.1/STM32CubeIDE/plugins/com.st.stm32cube.ide.mcu.externaltools.gnu-tools-for-stm32.12.3.rel1.win32_1.0.100.202403111256/tools/bin/../lib/gcc/arm-none-eabi/12.3.1/../../../../arm-none-eabi/lib/thumb/v7e-m+dp/hard\libc_nano.a(libc_a-lseekr.o)
                0x0800c098                _lseek_r
 .text._read_r  0x0800c0bc       0x24 D:/AT/problemasmentais/1-2/Sistemas de Tempo Real/STM32CubeIDE_1.14.1/STM32CubeIDE/plugins/com.st.stm32cube.ide.mcu.externaltools.gnu-tools-for-stm32.12.3.rel1.win32_1.0.100.202403111256/tools/bin/../lib/gcc/arm-none-eabi/12.3.1/../../../../arm-none-eabi/lib/thumb/v7e-m+dp/hard\libc_nano.a(libc_a-readr.o)
                0x0800c0bc                _read_r
 .text._write_r
                0x0800c0e0       0x24 D:/AT/problemasmentais/1-2/Sistemas de Tempo Real/STM32CubeIDE_1.14.1/STM32CubeIDE/plugins/com.st.stm32cube.ide.mcu.externaltools.gnu-tools-for-stm32.12.3.rel1.win32_1.0.100.202403111256/tools/bin/../lib/gcc/arm-none-eabi/12.3.1/../../../../arm-none-eabi/lib/thumb/v7e-m+dp/hard\libc_nano.a(libc_a-writer.o)
                0x0800c0e0                _write_r
 .text.__errno  0x0800c104        0xc D:/AT/problemasmentais/1-2/Sistemas de Tempo Real/STM32CubeIDE_1.14.1/STM32CubeIDE/plugins/com.st.stm32cube.ide.mcu.externaltools.gnu-tools-for-stm32.12.3.rel1.win32_1.0.100.202403111256/tools/bin/../lib/gcc/arm-none-eabi/12.3.1/../../../../arm-none-eabi/lib/thumb/v7e-m+dp/hard\libc_nano.a(libc_a-errno.o)
                0x0800c104                __errno
 .text.__libc_init_array
                0x0800c110       0x48 D:/AT/problemasmentais/1-2/Sistemas de Tempo Real/STM32CubeIDE_1.14.1/STM32CubeIDE/plugins/com.st.stm32cube.ide.mcu.externaltools.gnu-tools-for-stm32.12.3.rel1.win32_1.0.100.202403111256/tools/bin/../lib/gcc/arm-none-eabi/12.3.1/../../../../arm-none-eabi/lib/thumb/v7e-m+dp/hard\libc_nano.a(libc_a-init.o)
                0x0800c110                __libc_init_array
 .text.__retarget_lock_init_recursive
                0x0800c158        0x2 D:/AT/problemasmentais/1-2/Sistemas de Tempo Real/STM32CubeIDE_1.14.1/STM32CubeIDE/plugins/com.st.stm32cube.ide.mcu.externaltools.gnu-tools-for-stm32.12.3.rel1.win32_1.0.100.202403111256/tools/bin/../lib/gcc/arm-none-eabi/12.3.1/../../../../arm-none-eabi/lib/thumb/v7e-m+dp/hard\libc_nano.a(libc_a-lock.o)
                0x0800c158                __retarget_lock_init_recursive
 .text.__retarget_lock_acquire_recursive
                0x0800c15a        0x2 D:/AT/problemasmentais/1-2/Sistemas de Tempo Real/STM32CubeIDE_1.14.1/STM32CubeIDE/plugins/com.st.stm32cube.ide.mcu.externaltools.gnu-tools-for-stm32.12.3.rel1.win32_1.0.100.202403111256/tools/bin/../lib/gcc/arm-none-eabi/12.3.1/../../../../arm-none-eabi/lib/thumb/v7e-m+dp/hard\libc_nano.a(libc_a-lock.o)
                0x0800c15a                __retarget_lock_acquire_recursive
 .text.__retarget_lock_release_recursive
                0x0800c15c        0x2 D:/AT/problemasmentais/1-2/Sistemas de Tempo Real/STM32CubeIDE_1.14.1/STM32CubeIDE/plugins/com.st.stm32cube.ide.mcu.externaltools.gnu-tools-for-stm32.12.3.rel1.win32_1.0.100.202403111256/tools/bin/../lib/gcc/arm-none-eabi/12.3.1/../../../../arm-none-eabi/lib/thumb/v7e-m+dp/hard\libc_nano.a(libc_a-lock.o)
                0x0800c15c                __retarget_lock_release_recursive
 *fill*         0x0800c15e        0x2 
 .text.nanf     0x0800c160        0xc D:/AT/problemasmentais/1-2/Sistemas de Tempo Real/STM32CubeIDE_1.14.1/STM32CubeIDE/plugins/com.st.stm32cube.ide.mcu.externaltools.gnu-tools-for-stm32.12.3.rel1.win32_1.0.100.202403111256/tools/bin/../lib/gcc/arm-none-eabi/12.3.1/../../../../arm-none-eabi/lib/thumb/v7e-m+dp/hard\libc_nano.a(libm_a-sf_nan.o)
                0x0800c160                nanf
 .text.quorem   0x0800c16c      0x110 D:/AT/problemasmentais/1-2/Sistemas de Tempo Real/STM32CubeIDE_1.14.1/STM32CubeIDE/plugins/com.st.stm32cube.ide.mcu.externaltools.gnu-tools-for-stm32.12.3.rel1.win32_1.0.100.202403111256/tools/bin/../lib/gcc/arm-none-eabi/12.3.1/../../../../arm-none-eabi/lib/thumb/v7e-m+dp/hard\libc_nano.a(libc_a-dtoa.o)
 *fill*         0x0800c27c        0x4 
 .text._dtoa_r  0x0800c280      0xaac D:/AT/problemasmentais/1-2/Sistemas de Tempo Real/STM32CubeIDE_1.14.1/STM32CubeIDE/plugins/com.st.stm32cube.ide.mcu.externaltools.gnu-tools-for-stm32.12.3.rel1.win32_1.0.100.202403111256/tools/bin/../lib/gcc/arm-none-eabi/12.3.1/../../../../arm-none-eabi/lib/thumb/v7e-m+dp/hard\libc_nano.a(libc_a-dtoa.o)
                0x0800c280                _dtoa_r
 .text._free_r  0x0800cd2c       0x94 D:/AT/problemasmentais/1-2/Sistemas de Tempo Real/STM32CubeIDE_1.14.1/STM32CubeIDE/plugins/com.st.stm32cube.ide.mcu.externaltools.gnu-tools-for-stm32.12.3.rel1.win32_1.0.100.202403111256/tools/bin/../lib/gcc/arm-none-eabi/12.3.1/../../../../arm-none-eabi/lib/thumb/v7e-m+dp/hard\libc_nano.a(libc_a-freer.o)
                0x0800cd2c                _free_r
 .text.malloc   0x0800cdc0       0x10 D:/AT/problemasmentais/1-2/Sistemas de Tempo Real/STM32CubeIDE_1.14.1/STM32CubeIDE/plugins/com.st.stm32cube.ide.mcu.externaltools.gnu-tools-for-stm32.12.3.rel1.win32_1.0.100.202403111256/tools/bin/../lib/gcc/arm-none-eabi/12.3.1/../../../../arm-none-eabi/lib/thumb/v7e-m+dp/hard\libc_nano.a(libc_a-malloc.o)
                0x0800cdc0                malloc
 .text.sbrk_aligned
                0x0800cdd0       0x44 D:/AT/problemasmentais/1-2/Sistemas de Tempo Real/STM32CubeIDE_1.14.1/STM32CubeIDE/plugins/com.st.stm32cube.ide.mcu.externaltools.gnu-tools-for-stm32.12.3.rel1.win32_1.0.100.202403111256/tools/bin/../lib/gcc/arm-none-eabi/12.3.1/../../../../arm-none-eabi/lib/thumb/v7e-m+dp/hard\libc_nano.a(libc_a-mallocr.o)
 .text._malloc_r
                0x0800ce14      0x100 D:/AT/problemasmentais/1-2/Sistemas de Tempo Real/STM32CubeIDE_1.14.1/STM32CubeIDE/plugins/com.st.stm32cube.ide.mcu.externaltools.gnu-tools-for-stm32.12.3.rel1.win32_1.0.100.202403111256/tools/bin/../lib/gcc/arm-none-eabi/12.3.1/../../../../arm-none-eabi/lib/thumb/v7e-m+dp/hard\libc_nano.a(libc_a-mallocr.o)
                0x0800ce14                _malloc_r
 .text.__malloc_lock
                0x0800cf14        0xc D:/AT/problemasmentais/1-2/Sistemas de Tempo Real/STM32CubeIDE_1.14.1/STM32CubeIDE/plugins/com.st.stm32cube.ide.mcu.externaltools.gnu-tools-for-stm32.12.3.rel1.win32_1.0.100.202403111256/tools/bin/../lib/gcc/arm-none-eabi/12.3.1/../../../../arm-none-eabi/lib/thumb/v7e-m+dp/hard\libc_nano.a(libc_a-mlock.o)
                0x0800cf14                __malloc_lock
 .text.__malloc_unlock
                0x0800cf20        0xc D:/AT/problemasmentais/1-2/Sistemas de Tempo Real/STM32CubeIDE_1.14.1/STM32CubeIDE/plugins/com.st.stm32cube.ide.mcu.externaltools.gnu-tools-for-stm32.12.3.rel1.win32_1.0.100.202403111256/tools/bin/../lib/gcc/arm-none-eabi/12.3.1/../../../../arm-none-eabi/lib/thumb/v7e-m+dp/hard\libc_nano.a(libc_a-mlock.o)
                0x0800cf20                __malloc_unlock
 .text._Balloc  0x0800cf2c       0x80 D:/AT/problemasmentais/1-2/Sistemas de Tempo Real/STM32CubeIDE_1.14.1/STM32CubeIDE/plugins/com.st.stm32cube.ide.mcu.externaltools.gnu-tools-for-stm32.12.3.rel1.win32_1.0.100.202403111256/tools/bin/../lib/gcc/arm-none-eabi/12.3.1/../../../../arm-none-eabi/lib/thumb/v7e-m+dp/hard\libc_nano.a(libc_a-mprec.o)
                0x0800cf2c                _Balloc
 .text._Bfree   0x0800cfac       0x44 D:/AT/problemasmentais/1-2/Sistemas de Tempo Real/STM32CubeIDE_1.14.1/STM32CubeIDE/plugins/com.st.stm32cube.ide.mcu.externaltools.gnu-tools-for-stm32.12.3.rel1.win32_1.0.100.202403111256/tools/bin/../lib/gcc/arm-none-eabi/12.3.1/../../../../arm-none-eabi/lib/thumb/v7e-m+dp/hard\libc_nano.a(libc_a-mprec.o)
                0x0800cfac                _Bfree
 .text.__multadd
                0x0800cff0       0x8c D:/AT/problemasmentais/1-2/Sistemas de Tempo Real/STM32CubeIDE_1.14.1/STM32CubeIDE/plugins/com.st.stm32cube.ide.mcu.externaltools.gnu-tools-for-stm32.12.3.rel1.win32_1.0.100.202403111256/tools/bin/../lib/gcc/arm-none-eabi/12.3.1/../../../../arm-none-eabi/lib/thumb/v7e-m+dp/hard\libc_nano.a(libc_a-mprec.o)
                0x0800cff0                __multadd
 .text.__s2b    0x0800d07c       0x94 D:/AT/problemasmentais/1-2/Sistemas de Tempo Real/STM32CubeIDE_1.14.1/STM32CubeIDE/plugins/com.st.stm32cube.ide.mcu.externaltools.gnu-tools-for-stm32.12.3.rel1.win32_1.0.100.202403111256/tools/bin/../lib/gcc/arm-none-eabi/12.3.1/../../../../arm-none-eabi/lib/thumb/v7e-m+dp/hard\libc_nano.a(libc_a-mprec.o)
                0x0800d07c                __s2b
 .text.__hi0bits
                0x0800d110       0x3e D:/AT/problemasmentais/1-2/Sistemas de Tempo Real/STM32CubeIDE_1.14.1/STM32CubeIDE/plugins/com.st.stm32cube.ide.mcu.externaltools.gnu-tools-for-stm32.12.3.rel1.win32_1.0.100.202403111256/tools/bin/../lib/gcc/arm-none-eabi/12.3.1/../../../../arm-none-eabi/lib/thumb/v7e-m+dp/hard\libc_nano.a(libc_a-mprec.o)
                0x0800d110                __hi0bits
 .text.__lo0bits
                0x0800d14e       0x5a D:/AT/problemasmentais/1-2/Sistemas de Tempo Real/STM32CubeIDE_1.14.1/STM32CubeIDE/plugins/com.st.stm32cube.ide.mcu.externaltools.gnu-tools-for-stm32.12.3.rel1.win32_1.0.100.202403111256/tools/bin/../lib/gcc/arm-none-eabi/12.3.1/../../../../arm-none-eabi/lib/thumb/v7e-m+dp/hard\libc_nano.a(libc_a-mprec.o)
                0x0800d14e                __lo0bits
 .text.__i2b    0x0800d1a8       0x2c D:/AT/problemasmentais/1-2/Sistemas de Tempo Real/STM32CubeIDE_1.14.1/STM32CubeIDE/plugins/com.st.stm32cube.ide.mcu.externaltools.gnu-tools-for-stm32.12.3.rel1.win32_1.0.100.202403111256/tools/bin/../lib/gcc/arm-none-eabi/12.3.1/../../../../arm-none-eabi/lib/thumb/v7e-m+dp/hard\libc_nano.a(libc_a-mprec.o)
                0x0800d1a8                __i2b
 .text.__multiply
                0x0800d1d4      0x154 D:/AT/problemasmentais/1-2/Sistemas de Tempo Real/STM32CubeIDE_1.14.1/STM32CubeIDE/plugins/com.st.stm32cube.ide.mcu.externaltools.gnu-tools-for-stm32.12.3.rel1.win32_1.0.100.202403111256/tools/bin/../lib/gcc/arm-none-eabi/12.3.1/../../../../arm-none-eabi/lib/thumb/v7e-m+dp/hard\libc_nano.a(libc_a-mprec.o)
                0x0800d1d4                __multiply
 .text.__pow5mult
                0x0800d328       0xb4 D:/AT/problemasmentais/1-2/Sistemas de Tempo Real/STM32CubeIDE_1.14.1/STM32CubeIDE/plugins/com.st.stm32cube.ide.mcu.externaltools.gnu-tools-for-stm32.12.3.rel1.win32_1.0.100.202403111256/tools/bin/../lib/gcc/arm-none-eabi/12.3.1/../../../../arm-none-eabi/lib/thumb/v7e-m+dp/hard\libc_nano.a(libc_a-mprec.o)
                0x0800d328                __pow5mult
 .text.__lshift
                0x0800d3dc       0xd8 D:/AT/problemasmentais/1-2/Sistemas de Tempo Real/STM32CubeIDE_1.14.1/STM32CubeIDE/plugins/com.st.stm32cube.ide.mcu.externaltools.gnu-tools-for-stm32.12.3.rel1.win32_1.0.100.202403111256/tools/bin/../lib/gcc/arm-none-eabi/12.3.1/../../../../arm-none-eabi/lib/thumb/v7e-m+dp/hard\libc_nano.a(libc_a-mprec.o)
                0x0800d3dc                __lshift
 .text.__mcmp   0x0800d4b4       0x36 D:/AT/problemasmentais/1-2/Sistemas de Tempo Real/STM32CubeIDE_1.14.1/STM32CubeIDE/plugins/com.st.stm32cube.ide.mcu.externaltools.gnu-tools-for-stm32.12.3.rel1.win32_1.0.100.202403111256/tools/bin/../lib/gcc/arm-none-eabi/12.3.1/../../../../arm-none-eabi/lib/thumb/v7e-m+dp/hard\libc_nano.a(libc_a-mprec.o)
                0x0800d4b4                __mcmp
 *fill*         0x0800d4ea        0x2 
 .text.__mdiff  0x0800d4ec      0x128 D:/AT/problemasmentais/1-2/Sistemas de Tempo Real/STM32CubeIDE_1.14.1/STM32CubeIDE/plugins/com.st.stm32cube.ide.mcu.externaltools.gnu-tools-for-stm32.12.3.rel1.win32_1.0.100.202403111256/tools/bin/../lib/gcc/arm-none-eabi/12.3.1/../../../../arm-none-eabi/lib/thumb/v7e-m+dp/hard\libc_nano.a(libc_a-mprec.o)
                0x0800d4ec                __mdiff
 .text.__ulp    0x0800d614       0x4c D:/AT/problemasmentais/1-2/Sistemas de Tempo Real/STM32CubeIDE_1.14.1/STM32CubeIDE/plugins/com.st.stm32cube.ide.mcu.externaltools.gnu-tools-for-stm32.12.3.rel1.win32_1.0.100.202403111256/tools/bin/../lib/gcc/arm-none-eabi/12.3.1/../../../../arm-none-eabi/lib/thumb/v7e-m+dp/hard\libc_nano.a(libc_a-mprec.o)
                0x0800d614                __ulp
 .text.__b2d    0x0800d660       0x94 D:/AT/problemasmentais/1-2/Sistemas de Tempo Real/STM32CubeIDE_1.14.1/STM32CubeIDE/plugins/com.st.stm32cube.ide.mcu.externaltools.gnu-tools-for-stm32.12.3.rel1.win32_1.0.100.202403111256/tools/bin/../lib/gcc/arm-none-eabi/12.3.1/../../../../arm-none-eabi/lib/thumb/v7e-m+dp/hard\libc_nano.a(libc_a-mprec.o)
                0x0800d660                __b2d
 .text.__d2b    0x0800d6f4       0xb0 D:/AT/problemasmentais/1-2/Sistemas de Tempo Real/STM32CubeIDE_1.14.1/STM32CubeIDE/plugins/com.st.stm32cube.ide.mcu.externaltools.gnu-tools-for-stm32.12.3.rel1.win32_1.0.100.202403111256/tools/bin/../lib/gcc/arm-none-eabi/12.3.1/../../../../arm-none-eabi/lib/thumb/v7e-m+dp/hard\libc_nano.a(libc_a-mprec.o)
                0x0800d6f4                __d2b
 .text.__ratio  0x0800d7a4       0x5e D:/AT/problemasmentais/1-2/Sistemas de Tempo Real/STM32CubeIDE_1.14.1/STM32CubeIDE/plugins/com.st.stm32cube.ide.mcu.externaltools.gnu-tools-for-stm32.12.3.rel1.win32_1.0.100.202403111256/tools/bin/../lib/gcc/arm-none-eabi/12.3.1/../../../../arm-none-eabi/lib/thumb/v7e-m+dp/hard\libc_nano.a(libc_a-mprec.o)
                0x0800d7a4                __ratio
 .text.__copybits
                0x0800d802       0x46 D:/AT/problemasmentais/1-2/Sistemas de Tempo Real/STM32CubeIDE_1.14.1/STM32CubeIDE/plugins/com.st.stm32cube.ide.mcu.externaltools.gnu-tools-for-stm32.12.3.rel1.win32_1.0.100.202403111256/tools/bin/../lib/gcc/arm-none-eabi/12.3.1/../../../../arm-none-eabi/lib/thumb/v7e-m+dp/hard\libc_nano.a(libc_a-mprec.o)
                0x0800d802                __copybits
 .text.__any_on
                0x0800d848       0x42 D:/AT/problemasmentais/1-2/Sistemas de Tempo Real/STM32CubeIDE_1.14.1/STM32CubeIDE/plugins/com.st.stm32cube.ide.mcu.externaltools.gnu-tools-for-stm32.12.3.rel1.win32_1.0.100.202403111256/tools/bin/../lib/gcc/arm-none-eabi/12.3.1/../../../../arm-none-eabi/lib/thumb/v7e-m+dp/hard\libc_nano.a(libc_a-mprec.o)
                0x0800d848                __any_on
 .text.sulp     0x0800d88a       0x34 D:/AT/problemasmentais/1-2/Sistemas de Tempo Real/STM32CubeIDE_1.14.1/STM32CubeIDE/plugins/com.st.stm32cube.ide.mcu.externaltools.gnu-tools-for-stm32.12.3.rel1.win32_1.0.100.202403111256/tools/bin/../lib/gcc/arm-none-eabi/12.3.1/../../../../arm-none-eabi/lib/thumb/v7e-m+dp/hard\libc_nano.a(libc_a-strtod.o)
 *fill*         0x0800d8be        0x2 
 .text._strtod_l
                0x0800d8c0      0xb2c D:/AT/problemasmentais/1-2/Sistemas de Tempo Real/STM32CubeIDE_1.14.1/STM32CubeIDE/plugins/com.st.stm32cube.ide.mcu.externaltools.gnu-tools-for-stm32.12.3.rel1.win32_1.0.100.202403111256/tools/bin/../lib/gcc/arm-none-eabi/12.3.1/../../../../arm-none-eabi/lib/thumb/v7e-m+dp/hard\libc_nano.a(libc_a-strtod.o)
                0x0800d8c0                _strtod_l
 .text._strtod_r
                0x0800e3ec        0xc D:/AT/problemasmentais/1-2/Sistemas de Tempo Real/STM32CubeIDE_1.14.1/STM32CubeIDE/plugins/com.st.stm32cube.ide.mcu.externaltools.gnu-tools-for-stm32.12.3.rel1.win32_1.0.100.202403111256/tools/bin/../lib/gcc/arm-none-eabi/12.3.1/../../../../arm-none-eabi/lib/thumb/v7e-m+dp/hard\libc_nano.a(libc_a-strtod.o)
                0x0800e3ec                _strtod_r
 .text._strtol_l.constprop.0
                0x0800e3f8       0xf4 D:/AT/problemasmentais/1-2/Sistemas de Tempo Real/STM32CubeIDE_1.14.1/STM32CubeIDE/plugins/com.st.stm32cube.ide.mcu.externaltools.gnu-tools-for-stm32.12.3.rel1.win32_1.0.100.202403111256/tools/bin/../lib/gcc/arm-none-eabi/12.3.1/../../../../arm-none-eabi/lib/thumb/v7e-m+dp/hard\libc_nano.a(libc_a-strtol.o)
 .text._strtol_r
                0x0800e4ec        0x4 D:/AT/problemasmentais/1-2/Sistemas de Tempo Real/STM32CubeIDE_1.14.1/STM32CubeIDE/plugins/com.st.stm32cube.ide.mcu.externaltools.gnu-tools-for-stm32.12.3.rel1.win32_1.0.100.202403111256/tools/bin/../lib/gcc/arm-none-eabi/12.3.1/../../../../arm-none-eabi/lib/thumb/v7e-m+dp/hard\libc_nano.a(libc_a-strtol.o)
                0x0800e4ec                _strtol_r
 .text.__ssputs_r
                0x0800e4f0       0xb6 D:/AT/problemasmentais/1-2/Sistemas de Tempo Real/STM32CubeIDE_1.14.1/STM32CubeIDE/plugins/com.st.stm32cube.ide.mcu.externaltools.gnu-tools-for-stm32.12.3.rel1.win32_1.0.100.202403111256/tools/bin/../lib/gcc/arm-none-eabi/12.3.1/../../../../arm-none-eabi/lib/thumb/v7e-m+dp/hard\libc_nano.a(libc_a-nano-svfprintf.o)
                0x0800e4f0                __ssputs_r
 *fill*         0x0800e5a6        0x2 
 .text._svfprintf_r
                0x0800e5a8      0x1f8 D:/AT/problemasmentais/1-2/Sistemas de Tempo Real/STM32CubeIDE_1.14.1/STM32CubeIDE/plugins/com.st.stm32cube.ide.mcu.externaltools.gnu-tools-for-stm32.12.3.rel1.win32_1.0.100.202403111256/tools/bin/../lib/gcc/arm-none-eabi/12.3.1/../../../../arm-none-eabi/lib/thumb/v7e-m+dp/hard\libc_nano.a(libc_a-nano-svfprintf.o)
                0x0800e5a8                _svfiprintf_r
                0x0800e5a8                _svfprintf_r
 .text.__sflush_r
                0x0800e7a0      0x108 D:/AT/problemasmentais/1-2/Sistemas de Tempo Real/STM32CubeIDE_1.14.1/STM32CubeIDE/plugins/com.st.stm32cube.ide.mcu.externaltools.gnu-tools-for-stm32.12.3.rel1.win32_1.0.100.202403111256/tools/bin/../lib/gcc/arm-none-eabi/12.3.1/../../../../arm-none-eabi/lib/thumb/v7e-m+dp/hard\libc_nano.a(libc_a-fflush.o)
                0x0800e7a0                __sflush_r
 .text._fflush_r
                0x0800e8a8       0x50 D:/AT/problemasmentais/1-2/Sistemas de Tempo Real/STM32CubeIDE_1.14.1/STM32CubeIDE/plugins/com.st.stm32cube.ide.mcu.externaltools.gnu-tools-for-stm32.12.3.rel1.win32_1.0.100.202403111256/tools/bin/../lib/gcc/arm-none-eabi/12.3.1/../../../../arm-none-eabi/lib/thumb/v7e-m+dp/hard\libc_nano.a(libc_a-fflush.o)
                0x0800e8a8                _fflush_r
 .text.memmove  0x0800e8f8       0x34 D:/AT/problemasmentais/1-2/Sistemas de Tempo Real/STM32CubeIDE_1.14.1/STM32CubeIDE/plugins/com.st.stm32cube.ide.mcu.externaltools.gnu-tools-for-stm32.12.3.rel1.win32_1.0.100.202403111256/tools/bin/../lib/gcc/arm-none-eabi/12.3.1/../../../../arm-none-eabi/lib/thumb/v7e-m+dp/hard\libc_nano.a(libc_a-memmove.o)
                0x0800e8f8                memmove
 .text.strncmp  0x0800e92c       0x24 D:/AT/problemasmentais/1-2/Sistemas de Tempo Real/STM32CubeIDE_1.14.1/STM32CubeIDE/plugins/com.st.stm32cube.ide.mcu.externaltools.gnu-tools-for-stm32.12.3.rel1.win32_1.0.100.202403111256/tools/bin/../lib/gcc/arm-none-eabi/12.3.1/../../../../arm-none-eabi/lib/thumb/v7e-m+dp/hard\libc_nano.a(libc_a-strncmp.o)
                0x0800e92c                strncmp
 .text._sbrk_r  0x0800e950       0x20 D:/AT/problemasmentais/1-2/Sistemas de Tempo Real/STM32CubeIDE_1.14.1/STM32CubeIDE/plugins/com.st.stm32cube.ide.mcu.externaltools.gnu-tools-for-stm32.12.3.rel1.win32_1.0.100.202403111256/tools/bin/../lib/gcc/arm-none-eabi/12.3.1/../../../../arm-none-eabi/lib/thumb/v7e-m+dp/hard\libc_nano.a(libc_a-sbrkr.o)
                0x0800e950                _sbrk_r
 .text.memcpy   0x0800e970       0x1c D:/AT/problemasmentais/1-2/Sistemas de Tempo Real/STM32CubeIDE_1.14.1/STM32CubeIDE/plugins/com.st.stm32cube.ide.mcu.externaltools.gnu-tools-for-stm32.12.3.rel1.win32_1.0.100.202403111256/tools/bin/../lib/gcc/arm-none-eabi/12.3.1/../../../../arm-none-eabi/lib/thumb/v7e-m+dp/hard\libc_nano.a(libc_a-memcpy-stub.o)
                0x0800e970                memcpy
 *fill*         0x0800e98c        0x4 
 .text.nan      0x0800e990       0x10 D:/AT/problemasmentais/1-2/Sistemas de Tempo Real/STM32CubeIDE_1.14.1/STM32CubeIDE/plugins/com.st.stm32cube.ide.mcu.externaltools.gnu-tools-for-stm32.12.3.rel1.win32_1.0.100.202403111256/tools/bin/../lib/gcc/arm-none-eabi/12.3.1/../../../../arm-none-eabi/lib/thumb/v7e-m+dp/hard\libc_nano.a(libm_a-s_nan.o)
                0x0800e990                nan
 .text.__assert_func
                0x0800e9a0       0x3c D:/AT/problemasmentais/1-2/Sistemas de Tempo Real/STM32CubeIDE_1.14.1/STM32CubeIDE/plugins/com.st.stm32cube.ide.mcu.externaltools.gnu-tools-for-stm32.12.3.rel1.win32_1.0.100.202403111256/tools/bin/../lib/gcc/arm-none-eabi/12.3.1/../../../../arm-none-eabi/lib/thumb/v7e-m+dp/hard\libc_nano.a(libc_a-assert.o)
                0x0800e9a0                __assert_func
 .text._calloc_r
                0x0800e9dc       0x28 D:/AT/problemasmentais/1-2/Sistemas de Tempo Real/STM32CubeIDE_1.14.1/STM32CubeIDE/plugins/com.st.stm32cube.ide.mcu.externaltools.gnu-tools-for-stm32.12.3.rel1.win32_1.0.100.202403111256/tools/bin/../lib/gcc/arm-none-eabi/12.3.1/../../../../arm-none-eabi/lib/thumb/v7e-m+dp/hard\libc_nano.a(libc_a-callocr.o)
                0x0800e9dc                _calloc_r
 .text.rshift   0x0800ea04       0xa4 D:/AT/problemasmentais/1-2/Sistemas de Tempo Real/STM32CubeIDE_1.14.1/STM32CubeIDE/plugins/com.st.stm32cube.ide.mcu.externaltools.gnu-tools-for-stm32.12.3.rel1.win32_1.0.100.202403111256/tools/bin/../lib/gcc/arm-none-eabi/12.3.1/../../../../arm-none-eabi/lib/thumb/v7e-m+dp/hard\libc_nano.a(libc_a-gdtoa-gethex.o)
 .text.__hexdig_fun
                0x0800eaa8       0x2a D:/AT/problemasmentais/1-2/Sistemas de Tempo Real/STM32CubeIDE_1.14.1/STM32CubeIDE/plugins/com.st.stm32cube.ide.mcu.externaltools.gnu-tools-for-stm32.12.3.rel1.win32_1.0.100.202403111256/tools/bin/../lib/gcc/arm-none-eabi/12.3.1/../../../../arm-none-eabi/lib/thumb/v7e-m+dp/hard\libc_nano.a(libc_a-gdtoa-gethex.o)
                0x0800eaa8                __hexdig_fun
 *fill*         0x0800ead2        0x2 
 .text.__gethex
                0x0800ead4      0x420 D:/AT/problemasmentais/1-2/Sistemas de Tempo Real/STM32CubeIDE_1.14.1/STM32CubeIDE/plugins/com.st.stm32cube.ide.mcu.externaltools.gnu-tools-for-stm32.12.3.rel1.win32_1.0.100.202403111256/tools/bin/../lib/gcc/arm-none-eabi/12.3.1/../../../../arm-none-eabi/lib/thumb/v7e-m+dp/hard\libc_nano.a(libc_a-gdtoa-gethex.o)
                0x0800ead4                __gethex
 .text.L_shift  0x0800eef4       0x24 D:/AT/problemasmentais/1-2/Sistemas de Tempo Real/STM32CubeIDE_1.14.1/STM32CubeIDE/plugins/com.st.stm32cube.ide.mcu.externaltools.gnu-tools-for-stm32.12.3.rel1.win32_1.0.100.202403111256/tools/bin/../lib/gcc/arm-none-eabi/12.3.1/../../../../arm-none-eabi/lib/thumb/v7e-m+dp/hard\libc_nano.a(libc_a-gdtoa-hexnan.o)
 .text.__match  0x0800ef18       0x28 D:/AT/problemasmentais/1-2/Sistemas de Tempo Real/STM32CubeIDE_1.14.1/STM32CubeIDE/plugins/com.st.stm32cube.ide.mcu.externaltools.gnu-tools-for-stm32.12.3.rel1.win32_1.0.100.202403111256/tools/bin/../lib/gcc/arm-none-eabi/12.3.1/../../../../arm-none-eabi/lib/thumb/v7e-m+dp/hard\libc_nano.a(libc_a-gdtoa-hexnan.o)
                0x0800ef18                __match
 .text.__hexnan
                0x0800ef40      0x136 D:/AT/problemasmentais/1-2/Sistemas de Tempo Real/STM32CubeIDE_1.14.1/STM32CubeIDE/plugins/com.st.stm32cube.ide.mcu.externaltools.gnu-tools-for-stm32.12.3.rel1.win32_1.0.100.202403111256/tools/bin/../lib/gcc/arm-none-eabi/12.3.1/../../../../arm-none-eabi/lib/thumb/v7e-m+dp/hard\libc_nano.a(libc_a-gdtoa-hexnan.o)
                0x0800ef40                __hexnan
 .text.__ascii_mbtowc
                0x0800f076       0x24 D:/AT/problemasmentais/1-2/Sistemas de Tempo Real/STM32CubeIDE_1.14.1/STM32CubeIDE/plugins/com.st.stm32cube.ide.mcu.externaltools.gnu-tools-for-stm32.12.3.rel1.win32_1.0.100.202403111256/tools/bin/../lib/gcc/arm-none-eabi/12.3.1/../../../../arm-none-eabi/lib/thumb/v7e-m+dp/hard\libc_nano.a(libc_a-mbtowc_r.o)
                0x0800f076                __ascii_mbtowc
 .text._realloc_r
                0x0800f09a       0x5c D:/AT/problemasmentais/1-2/Sistemas de Tempo Real/STM32CubeIDE_1.14.1/STM32CubeIDE/plugins/com.st.stm32cube.ide.mcu.externaltools.gnu-tools-for-stm32.12.3.rel1.win32_1.0.100.202403111256/tools/bin/../lib/gcc/arm-none-eabi/12.3.1/../../../../arm-none-eabi/lib/thumb/v7e-m+dp/hard\libc_nano.a(libc_a-reallocr.o)
                0x0800f09a                _realloc_r
 .text.__ascii_wctomb
                0x0800f0f6       0x1a D:/AT/problemasmentais/1-2/Sistemas de Tempo Real/STM32CubeIDE_1.14.1/STM32CubeIDE/plugins/com.st.stm32cube.ide.mcu.externaltools.gnu-tools-for-stm32.12.3.rel1.win32_1.0.100.202403111256/tools/bin/../lib/gcc/arm-none-eabi/12.3.1/../../../../arm-none-eabi/lib/thumb/v7e-m+dp/hard\libc_nano.a(libc_a-wctomb_r.o)
                0x0800f0f6                __ascii_wctomb
 .text.fprintf  0x0800f110       0x24 D:/AT/problemasmentais/1-2/Sistemas de Tempo Real/STM32CubeIDE_1.14.1/STM32CubeIDE/plugins/com.st.stm32cube.ide.mcu.externaltools.gnu-tools-for-stm32.12.3.rel1.win32_1.0.100.202403111256/tools/bin/../lib/gcc/arm-none-eabi/12.3.1/../../../../arm-none-eabi/lib/thumb/v7e-m+dp/hard\libc_nano.a(libc_a-fprintf.o)
                0x0800f110                fiprintf
                0x0800f110                fprintf
 .text.abort    0x0800f134        0xe D:/AT/problemasmentais/1-2/Sistemas de Tempo Real/STM32CubeIDE_1.14.1/STM32CubeIDE/plugins/com.st.stm32cube.ide.mcu.externaltools.gnu-tools-for-stm32.12.3.rel1.win32_1.0.100.202403111256/tools/bin/../lib/gcc/arm-none-eabi/12.3.1/../../../../arm-none-eabi/lib/thumb/v7e-m+dp/hard\libc_nano.a(libc_a-abort.o)
                0x0800f134                abort
 .text._malloc_usable_size_r
                0x0800f142       0x10 D:/AT/problemasmentais/1-2/Sistemas de Tempo Real/STM32CubeIDE_1.14.1/STM32CubeIDE/plugins/com.st.stm32cube.ide.mcu.externaltools.gnu-tools-for-stm32.12.3.rel1.win32_1.0.100.202403111256/tools/bin/../lib/gcc/arm-none-eabi/12.3.1/../../../../arm-none-eabi/lib/thumb/v7e-m+dp/hard\libc_nano.a(libc_a-msizer.o)
                0x0800f142                _malloc_usable_size_r
 .text.__sfputc_r
                0x0800f152       0x2e D:/AT/problemasmentais/1-2/Sistemas de Tempo Real/STM32CubeIDE_1.14.1/STM32CubeIDE/plugins/com.st.stm32cube.ide.mcu.externaltools.gnu-tools-for-stm32.12.3.rel1.win32_1.0.100.202403111256/tools/bin/../lib/gcc/arm-none-eabi/12.3.1/../../../../arm-none-eabi/lib/thumb/v7e-m+dp/hard\libc_nano.a(libc_a-nano-vfprintf.o)
 .text.__sfputs_r
                0x0800f180       0x24 D:/AT/problemasmentais/1-2/Sistemas de Tempo Real/STM32CubeIDE_1.14.1/STM32CubeIDE/plugins/com.st.stm32cube.ide.mcu.externaltools.gnu-tools-for-stm32.12.3.rel1.win32_1.0.100.202403111256/tools/bin/../lib/gcc/arm-none-eabi/12.3.1/../../../../arm-none-eabi/lib/thumb/v7e-m+dp/hard\libc_nano.a(libc_a-nano-vfprintf.o)
                0x0800f180                __sfputs_r
 .text._vfprintf_r
                0x0800f1a4      0x230 D:/AT/problemasmentais/1-2/Sistemas de Tempo Real/STM32CubeIDE_1.14.1/STM32CubeIDE/plugins/com.st.stm32cube.ide.mcu.externaltools.gnu-tools-for-stm32.12.3.rel1.win32_1.0.100.202403111256/tools/bin/../lib/gcc/arm-none-eabi/12.3.1/../../../../arm-none-eabi/lib/thumb/v7e-m+dp/hard\libc_nano.a(libc_a-nano-vfprintf.o)
                0x0800f1a4                _vfprintf_r
                0x0800f1a4                _vfiprintf_r
 .text.__swbuf_r
                0x0800f3d4       0x7c D:/AT/problemasmentais/1-2/Sistemas de Tempo Real/STM32CubeIDE_1.14.1/STM32CubeIDE/plugins/com.st.stm32cube.ide.mcu.externaltools.gnu-tools-for-stm32.12.3.rel1.win32_1.0.100.202403111256/tools/bin/../lib/gcc/arm-none-eabi/12.3.1/../../../../arm-none-eabi/lib/thumb/v7e-m+dp/hard\libc_nano.a(libc_a-wbuf.o)
                0x0800f3d4                __swbuf_r
 .text.__swsetup_r
                0x0800f450       0xac D:/AT/problemasmentais/1-2/Sistemas de Tempo Real/STM32CubeIDE_1.14.1/STM32CubeIDE/plugins/com.st.stm32cube.ide.mcu.externaltools.gnu-tools-for-stm32.12.3.rel1.win32_1.0.100.202403111256/tools/bin/../lib/gcc/arm-none-eabi/12.3.1/../../../../arm-none-eabi/lib/thumb/v7e-m+dp/hard\libc_nano.a(libc_a-wsetup.o)
                0x0800f450                __swsetup_r
 .text._raise_r
                0x0800f4fc       0x50 D:/AT/problemasmentais/1-2/Sistemas de Tempo Real/STM32CubeIDE_1.14.1/STM32CubeIDE/plugins/com.st.stm32cube.ide.mcu.externaltools.gnu-tools-for-stm32.12.3.rel1.win32_1.0.100.202403111256/tools/bin/../lib/gcc/arm-none-eabi/12.3.1/../../../../arm-none-eabi/lib/thumb/v7e-m+dp/hard\libc_nano.a(libc_a-signal.o)
                0x0800f4fc                _raise_r
 .text.raise    0x0800f54c       0x10 D:/AT/problemasmentais/1-2/Sistemas de Tempo Real/STM32CubeIDE_1.14.1/STM32CubeIDE/plugins/com.st.stm32cube.ide.mcu.externaltools.gnu-tools-for-stm32.12.3.rel1.win32_1.0.100.202403111256/tools/bin/../lib/gcc/arm-none-eabi/12.3.1/../../../../arm-none-eabi/lib/thumb/v7e-m+dp/hard\libc_nano.a(libc_a-signal.o)
                0x0800f54c                raise
 .text._kill_r  0x0800f55c       0x24 D:/AT/problemasmentais/1-2/Sistemas de Tempo Real/STM32CubeIDE_1.14.1/STM32CubeIDE/plugins/com.st.stm32cube.ide.mcu.externaltools.gnu-tools-for-stm32.12.3.rel1.win32_1.0.100.202403111256/tools/bin/../lib/gcc/arm-none-eabi/12.3.1/../../../../arm-none-eabi/lib/thumb/v7e-m+dp/hard\libc_nano.a(libc_a-signalr.o)
                0x0800f55c                _kill_r
 .text._getpid_r
                0x0800f580        0x4 D:/AT/problemasmentais/1-2/Sistemas de Tempo Real/STM32CubeIDE_1.14.1/STM32CubeIDE/plugins/com.st.stm32cube.ide.mcu.externaltools.gnu-tools-for-stm32.12.3.rel1.win32_1.0.100.202403111256/tools/bin/../lib/gcc/arm-none-eabi/12.3.1/../../../../arm-none-eabi/lib/thumb/v7e-m+dp/hard\libc_nano.a(libc_a-signalr.o)
                0x0800f580                _getpid_r
 .text.__swhatbuf_r
                0x0800f584       0x4c D:/AT/problemasmentais/1-2/Sistemas de Tempo Real/STM32CubeIDE_1.14.1/STM32CubeIDE/plugins/com.st.stm32cube.ide.mcu.externaltools.gnu-tools-for-stm32.12.3.rel1.win32_1.0.100.202403111256/tools/bin/../lib/gcc/arm-none-eabi/12.3.1/../../../../arm-none-eabi/lib/thumb/v7e-m+dp/hard\libc_nano.a(libc_a-makebuf.o)
                0x0800f584                __swhatbuf_r
 .text.__smakebuf_r
                0x0800f5d0       0x78 D:/AT/problemasmentais/1-2/Sistemas de Tempo Real/STM32CubeIDE_1.14.1/STM32CubeIDE/plugins/com.st.stm32cube.ide.mcu.externaltools.gnu-tools-for-stm32.12.3.rel1.win32_1.0.100.202403111256/tools/bin/../lib/gcc/arm-none-eabi/12.3.1/../../../../arm-none-eabi/lib/thumb/v7e-m+dp/hard\libc_nano.a(libc_a-makebuf.o)
                0x0800f5d0                __smakebuf_r
 .text._fstat_r
                0x0800f648       0x24 D:/AT/problemasmentais/1-2/Sistemas de Tempo Real/STM32CubeIDE_1.14.1/STM32CubeIDE/plugins/com.st.stm32cube.ide.mcu.externaltools.gnu-tools-for-stm32.12.3.rel1.win32_1.0.100.202403111256/tools/bin/../lib/gcc/arm-none-eabi/12.3.1/../../../../arm-none-eabi/lib/thumb/v7e-m+dp/hard\libc_nano.a(libc_a-fstatr.o)
                0x0800f648                _fstat_r
 .text._isatty_r
                0x0800f66c       0x20 D:/AT/problemasmentais/1-2/Sistemas de Tempo Real/STM32CubeIDE_1.14.1/STM32CubeIDE/plugins/com.st.stm32cube.ide.mcu.externaltools.gnu-tools-for-stm32.12.3.rel1.win32_1.0.100.202403111256/tools/bin/../lib/gcc/arm-none-eabi/12.3.1/../../../../arm-none-eabi/lib/thumb/v7e-m+dp/hard\libc_nano.a(libc_a-isattyr.o)
                0x0800f66c                _isatty_r
 *(.glue_7)
 .glue_7        0x0800f68c        0x0 linker stubs
 *(.glue_7t)
 .glue_7t       0x0800f68c        0x0 linker stubs
 *(.eh_frame)
 .eh_frame      0x0800f68c        0x0 D:/AT/problemasmentais/1-2/Sistemas de Tempo Real/STM32CubeIDE_1.14.1/STM32CubeIDE/plugins/com.st.stm32cube.ide.mcu.externaltools.gnu-tools-for-stm32.12.3.rel1.win32_1.0.100.202403111256/tools/bin/../lib/gcc/arm-none-eabi/12.3.1/thumb/v7e-m+dp/hard/crtbegin.o
 *(.init)
 .init          0x0800f68c        0x4 D:/AT/problemasmentais/1-2/Sistemas de Tempo Real/STM32CubeIDE_1.14.1/STM32CubeIDE/plugins/com.st.stm32cube.ide.mcu.externaltools.gnu-tools-for-stm32.12.3.rel1.win32_1.0.100.202403111256/tools/bin/../lib/gcc/arm-none-eabi/12.3.1/thumb/v7e-m+dp/hard/crti.o
                0x0800f68c                _init
 .init          0x0800f690        0x8 D:/AT/problemasmentais/1-2/Sistemas de Tempo Real/STM32CubeIDE_1.14.1/STM32CubeIDE/plugins/com.st.stm32cube.ide.mcu.externaltools.gnu-tools-for-stm32.12.3.rel1.win32_1.0.100.202403111256/tools/bin/../lib/gcc/arm-none-eabi/12.3.1/thumb/v7e-m+dp/hard/crtn.o
 *(.fini)
 .fini          0x0800f698        0x4 D:/AT/problemasmentais/1-2/Sistemas de Tempo Real/STM32CubeIDE_1.14.1/STM32CubeIDE/plugins/com.st.stm32cube.ide.mcu.externaltools.gnu-tools-for-stm32.12.3.rel1.win32_1.0.100.202403111256/tools/bin/../lib/gcc/arm-none-eabi/12.3.1/thumb/v7e-m+dp/hard/crti.o
                0x0800f698                _fini
 .fini          0x0800f69c        0x8 D:/AT/problemasmentais/1-2/Sistemas de Tempo Real/STM32CubeIDE_1.14.1/STM32CubeIDE/plugins/com.st.stm32cube.ide.mcu.externaltools.gnu-tools-for-stm32.12.3.rel1.win32_1.0.100.202403111256/tools/bin/../lib/gcc/arm-none-eabi/12.3.1/thumb/v7e-m+dp/hard/crtn.o
                0x0800f6a4                        . = ALIGN (0x4)
                0x0800f6a4                        _etext = .

.vfp11_veneer   0x0800f6a4        0x0
 .vfp11_veneer  0x0800f6a4        0x0 linker stubs

.v4_bx          0x0800f6a4        0x0
 .v4_bx         0x0800f6a4        0x0 linker stubs

.iplt           0x0800f6a4        0x0
 .iplt          0x0800f6a4        0x0 D:/AT/problemasmentais/1-2/Sistemas de Tempo Real/STM32CubeIDE_1.14.1/STM32CubeIDE/plugins/com.st.stm32cube.ide.mcu.externaltools.gnu-tools-for-stm32.12.3.rel1.win32_1.0.100.202403111256/tools/bin/../lib/gcc/arm-none-eabi/12.3.1/thumb/v7e-m+dp/hard/crtbegin.o

.rodata         0x0800f6a8      0x918
                0x0800f6a8                        . = ALIGN (0x4)
 *(.rodata)
 .rodata        0x0800f6a8        0xd ./Core/Src/fatfs_sd_api.o
 *fill*         0x0800f6b5        0x3 
 .rodata        0x0800f6b8       0x2c ./Core/Src/main.o
 .rodata        0x0800f6e4        0x2 ./Core/Src/usart.o
 *fill*         0x0800f6e6        0x2 
 .rodata        0x0800f6e8       0x48 ./Middlewares/Third_Party/FatFs/src/ff.o
 *(.rodata*)
 .rodata.AHBPrescTable
                0x0800f730       0x10 ./Core/Src/system_stm32f7xx.o
                0x0800f730                AHBPrescTable
 .rodata.APBPrescTable
                0x0800f740        0x8 ./Core/Src/system_stm32f7xx.o
                0x0800f740                APBPrescTable
 .rodata.flagBitshiftOffset.0
                0x0800f748        0x8 ./Drivers/STM32F7xx_HAL_Driver/Src/stm32f7xx_hal_dma.o
 .rodata.ExCvt  0x0800f750       0x80 ./Middlewares/Third_Party/FatFs/src/ff.o
 .rodata.LfnOfs
                0x0800f7d0        0xd ./Middlewares/Third_Party/FatFs/src/ff.o
 *fill*         0x0800f7dd        0x3 
 .rodata.Tbl    0x0800f7e0      0x100 ./Middlewares/Third_Party/FatFs/src/option/ccsbcs.o
 .rodata.cvt1.1
                0x0800f8e0      0x1f2 ./Middlewares/Third_Party/FatFs/src/option/ccsbcs.o
 *fill*         0x0800fad2        0x2 
 .rodata.cvt2.0