../Core/Src/usart.c:40:6:MX_USART3_UART_Init	8	static
../Core/Src/usart.c:76:6:HAL_UART_MspInit	192	static
../Core/Src/usart.c:120:6:HAL_UART_MspDeInit	16	static
../Core/Src/usart.c:147:6:has_message_from_UART	4	static
../Core/Src/usart.c:152:6:is_transmitting_to_UART	4	static
../Core/Src/usart.c:157:6:reset_UART	8	static
../Core/Src/usart.c:165:6:send_UART	16	static
../Core/Src/usart.c:174:6:read_UART	16	static
../Core/Src/usart.c:179:6:HAL_UART_RxCpltCallback	16	static
../Core/Src/usart.c:212:6:HAL_UART_TxCpltCallback	16	static
